MPLINK 4.16, Linker
Linker Map File - Created Sun Apr 20 18:59:33 2008

                                 Section Info
                  Section       Type    Address   Location Size(Bytes)
                ---------  ---------  ---------  ---------  ---------
               _entry_scn       code   0x000000    program   0x000006
  _RESET_INTERRUPT_VECTOR       code   0x000800    program   0x000006
   _HIGH_INTERRUPT_VECTOR       code   0x000808    program   0x000006
    _LOW_INTERRUPT_VECTOR       code   0x000818    program   0x000002
                   .cinit    romdata   0x00082a    program   0x00000e
             .code_user.o       code   0x000838    program   0x000c52
         .code_i2cstuff.o       code   0x00148a    program   0x0002f4
             .code_usb9.o       code   0x00177e    program   0x0002b6
             .code_main.o       code   0x001a34    program   0x00028a
       .code_usbctrltrf.o       code   0x001cbe    program   0x00025c
           .code_usbdrv.o       code   0x001f1a    program   0x000186
                     PROG       code   0x0020a0    program   0x000146
           .code_usbgen.o       code   0x0021e6    program   0x000112
        .romdata_usbdsc.o    romdata   0x0022f8    program   0x0000bd
        .romdata___init.o    romdata   0x0023b5    program   0x000000
          .romdata_user.o    romdata   0x0023b5    program   0x000000
        .idata___init.o_i    romdata   0x0023b5    program   0x000000
        .idata_usbgen.o_i    romdata   0x0023b5    program   0x000000
        .romdata_usbgen.o    romdata   0x0023b5    program   0x000000
         .romdata_udefs.o    romdata   0x0023b5    program   0x000000
      .idata_i2cstuff.o_i    romdata   0x0023b5    program   0x000000
      .romdata_i2cstuff.o    romdata   0x0023b5    program   0x000000
         .idata_udefs.o_i    romdata   0x0023b5    program   0x000000
       .idata_adcbusy.o_i    romdata   0x0023b5    program   0x000000
       .romdata_adcbusy.o    romdata   0x0023b5    program   0x000000
       .idata_adcconv.o_i    romdata   0x0023b5    program   0x000000
       .romdata_adcconv.o    romdata   0x0023b5    program   0x000000
      .idata_fxd1616u.o_i    romdata   0x0023b5    program   0x000000
      .romdata_fxd1616u.o    romdata   0x0023b5    program   0x000000
      .idata_fxd3232u.o_i    romdata   0x0023b5    program   0x000000
      .romdata_fxd3232u.o    romdata   0x0023b5    program   0x000000
       .idata_fxm3232.o_i    romdata   0x0023b5    program   0x000000
       .romdata_fxm3232.o    romdata   0x0023b5    program   0x000000
        .idata_t1open.o_i    romdata   0x0023b5    program   0x000000
        .romdata_t1open.o    romdata   0x0023b5    program   0x000000
       .idata_t1write.o_i    romdata   0x0023b5    program   0x000000
       .romdata_t1write.o    romdata   0x0023b5    program   0x000000
        .romdata_uwrite.o    romdata   0x0023b5    program   0x000000
        .idata_uwrite.o_i    romdata   0x0023b5    program   0x000000
         .romdata_c018i.o    romdata   0x0023b5    program   0x000000
          .idata_main.o_i    romdata   0x0023b5    program   0x000000
       .idata_usbmmap.o_i    romdata   0x0023b5    program   0x000000
          .romdata_main.o    romdata   0x0023b5    program   0x000000
       .romdata_usbmmap.o    romdata   0x0023b5    program   0x000000
        .idata_usbdrv.o_i    romdata   0x0023b5    program   0x000000
        .romdata_usbdrv.o    romdata   0x0023b5    program   0x000000
          .idata_usb9.o_i    romdata   0x0023b5    program   0x000000
          .romdata_usb9.o    romdata   0x0023b5    program   0x000000
        .idata_usbdsc.o_i    romdata   0x0023b5    program   0x000000
    .idata_usbctrltrf.o_i    romdata   0x0023b5    program   0x000000
    .romdata_usbctrltrf.o    romdata   0x0023b5    program   0x000000
         .idata_c018i.o_i    romdata   0x0023b5    program   0x000000
          .code_usbmmap.o       code   0x0023b6    program   0x000000
           .code_usbdsc.o       code   0x0023b6    program   0x000000
               _cinit_scn       code   0x0023b6    program   0x00009e
            .code_udefs.o       code   0x0023b6    program   0x000000
            .code_c018i.o       code   0x0023b6    program   0x000000
          .code_fxm3232.o       code   0x002454    program   0x000070
             .stringtable    romdata   0x0024c4    program   0x000048
         .code_fxd3232u.o       code   0x00250c    program   0x000048
           .code_t1open.o       code   0x002554    program   0x000042
          .code_t1write.o       code   0x002596    program   0x000038
             D10KTCYXCODE       code   0x0025ce    program   0x00002e
           .code_uwrite.o       code   0x0025fc    program   0x00002e
         .code_fxd1616u.o       code   0x00262a    program   0x00002c
              D1KTCYXCODE       code   0x002656    program   0x000020
             _startup_scn       code   0x002676    program   0x00001c
             D100TCYXCODE       code   0x002692    program   0x00001c
              D10TCYXCODE       code   0x0026ae    program   0x000016
                    .code       code   0x0026c4    program   0x00000e
          .code_adcbusy.o       code   0x0026d2    program   0x00000a
          .code_adcconv.o       code   0x0026dc    program   0x000004
           .code___init.o       code   0x0026e0    program   0x000002
          .idata_user.o_i    romdata   0x0026e2    program   0x000016
    .config_300000_main.o    romdata   0x300000    program   0x000001
    .config_300001_main.o    romdata   0x300001    program   0x000001
    .config_300002_main.o    romdata   0x300002    program   0x000001
    .config_300003_main.o    romdata   0x300003    program   0x000001
    .config_300005_main.o    romdata   0x300005    program   0x000001
    .config_300006_main.o    romdata   0x300006    program   0x000001
    .config_300008_main.o    romdata   0x300008    program   0x000001
    .config_300009_main.o    romdata   0x300009    program   0x000001
    .config_30000a_main.o    romdata   0x30000a    program   0x000001
    .config_30000b_main.o    romdata   0x30000b    program   0x000001
    .config_30000c_main.o    romdata   0x30000c    program   0x000001
    .config_30000d_main.o    romdata   0x30000d    program   0x000001
                MATH_DATA      udata   0x000000       data   0x000014
                 .tmpdata      udata   0x000014       data   0x000008
                DELAYDAT2      udata   0x00001c       data   0x000001
                DELAYDAT1      udata   0x00001d       data   0x000001
      .udata_usbctrltrf.o      udata   0x000060       data   0x00000a
           .udata_c018i.o      udata   0x00006a       data   0x00000a
            .udata_main.o      udata   0x000074       data   0x000009
         .udata_usbmmap.o      udata   0x00007d       data   0x000004
          .udata_usbgen.o      udata   0x000081       data   0x000001
           .udata_udefs.o      udata   0x000082       data   0x000001
         .udata_adcconv.o      udata   0x000083       data   0x000000
         .idata_adcconv.o      idata   0x000083       data   0x000000
        .udata_fxd1616u.o      udata   0x000083       data   0x000000
        .idata_fxd1616u.o      idata   0x000083       data   0x000000
        .udata_fxd3232u.o      udata   0x000083       data   0x000000
        .idata_fxd3232u.o      idata   0x000083       data   0x000000
         .udata_fxm3232.o      udata   0x000083       data   0x000000
         .idata_fxm3232.o      idata   0x000083       data   0x000000
          .udata_t1open.o      udata   0x000083       data   0x000000
          .idata_t1open.o      idata   0x000083       data   0x000000
         .udata_t1write.o      udata   0x000083       data   0x000000
         .idata_t1write.o      idata   0x000083       data   0x000000
          .udata_uwrite.o      udata   0x000083       data   0x000000
          .idata_uwrite.o      idata   0x000083       data   0x000000
           .idata_udefs.o      idata   0x000083       data   0x000000
          .udata___init.o      udata   0x000083       data   0x000000
           .idata_c018i.o      idata   0x000083       data   0x000000
            .idata_main.o      idata   0x000083       data   0x000000
         .idata_usbmmap.o      idata   0x000083       data   0x000000
          .idata_usbdrv.o      idata   0x000083       data   0x000000
            .udata_usb9.o      udata   0x000083       data   0x000000
            .idata_usb9.o      idata   0x000083       data   0x000000
          .udata_usbdsc.o      udata   0x000083       data   0x000000
          .idata_usbdsc.o      idata   0x000083       data   0x000000
      .idata_usbctrltrf.o      idata   0x000083       data   0x000000
          .idata_usbgen.o      idata   0x000083       data   0x000000
        .idata_i2cstuff.o      idata   0x000083       data   0x000000
          .idata___init.o      idata   0x000083       data   0x000000
         .udata_adcbusy.o      udata   0x000083       data   0x000000
         .idata_adcbusy.o      idata   0x000083       data   0x000000
            .udata_user.o      udata   0x000100       data   0x0000e2
            .idata_user.o      idata   0x0001e2       data   0x000016
        .udata_i2cstuff.o      udata   0x0001f8       data   0x000006
          .udata_usbdrv.o      udata   0x0001fe       data   0x000002
                   .stack      udata   0x000300       data   0x000100
                  usbram4      udata   0x000400       data   0x0000a8
            SFR_UNBANKED0      udata   0x000f62       data   0x00009e



                              Program Memory Usage 
                               Start         End      
                           ---------   ---------      
                            0x000000    0x000005      
                            0x000800    0x000805      
                            0x000808    0x00080d      
                            0x000818    0x000819      
                            0x00082a    0x0023b4      
                            0x0023b6    0x0026f7      
                            0x300000    0x300003      
                            0x300005    0x300006      
                            0x300008    0x30000d      
            7917 out of 33048 program addresses used, program memory utilization is 23%



                              Symbols - Sorted by Name
                     Name    Address   Location    Storage File                     
                ---------  ---------  ---------  --------- ---------                
                  BusyADC   0x0026d2    program     extern C:\MCC18\src\pmc_common\ADC\adcbusy.c
               ClearArray   0x00206a    program     extern H:\Zigbee FW\Gun\system\usb\usbdrv\usbdrv.c
               ConvertADC   0x0026dc    program     extern C:\MCC18\src\pmc_common\ADC\adcconv.c
                   D100_1   0x0026a0    program     static C:\MCC18\src\traditional\delays\d100tcyx.asm
                    D100x   0x00269e    program     static C:\MCC18\src\traditional\delays\d100tcyx.asm
                   D10K_1   0x0025da    program     static C:\MCC18\src\traditional\delays\d10ktcyx.asm
                    D10Kl   0x0025e6    program     static C:\MCC18\src\traditional\delays\d10ktcyx.asm
                    D10Kx   0x0025d8    program     static C:\MCC18\src\traditional\delays\d10ktcyx.asm
                    D10_1   0x0026be    program     static C:\MCC18\src\traditional\delays\d10tcyx.asm
                     D10x   0x0026b6    program     static C:\MCC18\src\traditional\delays\d10tcyx.asm
                   D1616S   0x0020c2    program     static C:\MCC18\src\traditional\math\fxd1616s.asm
                D1616SNEG   0x0020d0    program     static C:\MCC18\src\traditional\math\fxd1616s.asm
                 D1616SOK   0x0020cc    program     static C:\MCC18\src\traditional\math\fxd1616s.asm
                  D1616SX   0x0020e2    program     static C:\MCC18\src\traditional\math\fxd1616s.asm
                    D1K_1   0x002662    program     static C:\MCC18\src\traditional\delays\d1ktcyx.asm
                     D1Kx   0x002660    program     static C:\MCC18\src\traditional\delays\d1ktcyx.asm
                   D3232S   0x00211c    program     static C:\MCC18\src\traditional\math\fxd3232s.asm
                D3232SNEG   0x00212a    program     static C:\MCC18\src\traditional\math\fxd3232s.asm
                 D3232SOK   0x002126    program     static C:\MCC18\src\traditional\math\fxd3232s.asm
                  D3232SX   0x00214a    program     static C:\MCC18\src\traditional\math\fxd3232s.asm
                  DA1616S   0x0020b2    program     static C:\MCC18\src\traditional\math\fxd1616s.asm
                  DA3232S   0x002106    program     static C:\MCC18\src\traditional\math\fxd3232s.asm
             Delay100TCYx   0x002692    program     extern C:\MCC18\src\traditional\delays\d100tcyx.asm
             Delay10KTCYx   0x0025ce    program     extern C:\MCC18\src\traditional\delays\d10ktcyx.asm
              Delay10TCYx   0x0026ae    program     extern C:\MCC18\src\traditional\delays\d10tcyx.asm
              Delay1KTCYx   0x002656    program     extern C:\MCC18\src\traditional\delays\d1ktcyx.asm
            EErombyteread   0x0014a0    program     extern H:\Zigbee FW\Gun\I2C\i2cstuff.c
           EErombytewrite   0x001568    program     extern H:\Zigbee FW\Gun\I2C\i2cstuff.c
          EErombytewrite2   0x001682    program     extern H:\Zigbee FW\Gun\I2C\i2cstuff.c
                 FXD1616S   0x0020a0    program     extern C:\MCC18\src\traditional\math\fxd1616s.asm
                 FXD1616U   0x00262a    program     extern C:\MCC18\src\traditional\math\fxd1616u.c
                 FXD3232S   0x0020ec    program     extern C:\MCC18\src\traditional\math\fxd3232s.asm
                 FXD3232U   0x00250c    program     extern C:\MCC18\src\traditional\math\fxd3232u.c
                 FXM2424U   0x002154    program     extern C:\MCC18\src\traditional\math\fxm2424u.asm
                  FXM3232   0x002454    program     extern C:\MCC18\src\traditional\math\fxm3232.c
         InitializeSystem   0x001c14    program     static H:\Zigbee FW\Gun\main.c  
               OpenTimer1   0x002554    program     extern C:\MCC18\src\pmc_common\Timers\t1open.c
                ProcessIO   0x000838    program     extern H:\Zigbee FW\Gun\user\user.c
                 ReadADC2   0x000ca0    program     extern H:\Zigbee FW\Gun\user\user.c
          ServiceRequests   0x00084c    program     extern H:\Zigbee FW\Gun\user\user.c
                   TXbyte   0x000936    program     extern H:\Zigbee FW\Gun\user\user.c
        USBCheckBusStatus   0x001f1a    program     extern H:\Zigbee FW\Gun\system\usb\usbdrv\usbdrv.c
       USBCheckStdRequest   0x00177e    program     extern H:\Zigbee FW\Gun\system\usb\usb9\usb9.c
         USBCtrlEPService   0x001cbe    program     extern H:\Zigbee FW\Gun\system\usb\usbctrltrf\usbctrltrf.c
 USBCtrlEPServiceComplete   0x001e40    program     extern H:\Zigbee FW\Gun\system\usb\usbctrltrf\usbctrltrf.c
      USBCtrlTrfInHandler   0x001d26    program     extern H:\Zigbee FW\Gun\system\usb\usbctrltrf\usbctrltrf.c
     USBCtrlTrfOutHandler   0x001d08    program     extern H:\Zigbee FW\Gun\system\usb\usbctrltrf\usbctrltrf.c
      USBCtrlTrfRxService   0x001de8    program     extern H:\Zigbee FW\Gun\system\usb\usbctrltrf\usbctrltrf.c
   USBCtrlTrfSetupHandler   0x001cf4    program     extern H:\Zigbee FW\Gun\system\usb\usbctrltrf\usbctrltrf.c
      USBCtrlTrfTxService   0x001d5c    program     extern H:\Zigbee FW\Gun\system\usb\usbctrltrf\usbctrltrf.c
         USBDriverService   0x001f5e    program     extern H:\Zigbee FW\Gun\system\usb\usbdrv\usbdrv.c
          USBErrorHandler   0x002022    program     extern H:\Zigbee FW\Gun\system\usb\usbdrv\usbdrv.c
             USBGenInitEP   0x0021e6    program     extern H:\Zigbee FW\Gun\system\usb\class\generic\usbgen.c
               USBGenRead   0x002264    program     extern H:\Zigbee FW\Gun\system\usb\class\generic\usbgen.c
              USBGenWrite   0x002210    program     extern H:\Zigbee FW\Gun\system\usb\class\generic\usbgen.c
         USBModuleDisable   0x001f50    program     extern H:\Zigbee FW\Gun\system\usb\usbdrv\usbdrv.c
          USBModuleEnable   0x001f42    program     extern H:\Zigbee FW\Gun\system\usb\usbdrv\usbdrv.c
USBPrepareForNextSetupTrf   0x001eb2    program     extern H:\Zigbee FW\Gun\system\usb\usbctrltrf\usbctrltrf.c
  USBProtocolResetHandler   0x002026    program     extern H:\Zigbee FW\Gun\system\usb\usbdrv\usbdrv.c
          USBRemoteWakeup   0x001fec    program     extern H:\Zigbee FW\Gun\system\usb\usbdrv\usbdrv.c
            USBSoftDetach   0x001f5a    program     extern H:\Zigbee FW\Gun\system\usb\usbdrv\usbdrv.c
          USBStallHandler   0x002014    program     extern H:\Zigbee FW\Gun\system\usb\usbdrv\usbdrv.c
  USBStdFeatureReqHandler   0x001924    program     extern H:\Zigbee FW\Gun\system\usb\usb9\usb9.c
      USBStdGetDscHandler   0x00181c    program     extern H:\Zigbee FW\Gun\system\usb\usb9\usb9.c
   USBStdGetStatusHandler   0x0018c0    program     extern H:\Zigbee FW\Gun\system\usb\usb9\usb9.c
      USBStdSetCfgHandler   0x00188a    program     extern H:\Zigbee FW\Gun\system\usb\usb9\usb9.c
               USBSuspend   0x001fdc    program     extern H:\Zigbee FW\Gun\system\usb\usbdrv\usbdrv.c
                 USBTasks   0x001c3a    program     extern H:\Zigbee FW\Gun\main.c  
                USBTasks2   0x000948    program     extern H:\Zigbee FW\Gun\user\user.c
       USBWakeFromSuspend   0x001fe4    program     extern H:\Zigbee FW\Gun\system\usb\usbdrv\usbdrv.c
               USB_CD_Ptr   0x0023a6    program     extern H:\Zigbee FW\Gun\autofiles\usbdsc.c
               USB_SD_Ptr   0x0023ac    program     extern H:\Zigbee FW\Gun\autofiles\usbdsc.c
          USB_SOF_Handler   0x002010    program     extern H:\Zigbee FW\Gun\system\usb\usbdrv\usbdrv.c
               WriteI2Cme   0x001604    program     extern H:\Zigbee FW\Gun\I2C\i2cstuff.c
              WriteTimer1   0x002596    program     extern C:\MCC18\src\pmc_common\Timers\t1write.c
               WriteUSART   0x0025fc    program     extern C:\MCC18\src\pmc_common\USART\uwrite.c
                Writeuart   0x000bde    program     extern H:\Zigbee FW\Gun\user\user.c
          Writeuart_1byte   0x000be6    program     extern H:\Zigbee FW\Gun\user\user.c
       _D100TCYXCODE_0008   0x00269a    program     static C:\MCC18\src\traditional\delays\d100tcyx.asm
       _D100TCYXCODE_0012   0x0026a4    program     static C:\MCC18\src\traditional\delays\d100tcyx.asm
       _D100TCYXCODE_0018   0x0026aa    program     static C:\MCC18\src\traditional\delays\d100tcyx.asm
       _D10KTCYXCODE_0010   0x0025de    program     static C:\MCC18\src\traditional\delays\d10ktcyx.asm
       _D10KTCYXCODE_001C   0x0025ea    program     static C:\MCC18\src\traditional\delays\d10ktcyx.asm
        _D10TCYXCODE_000A   0x0026b8    program     static C:\MCC18\src\traditional\delays\d10tcyx.asm
        _D10TCYXCODE_000C   0x0026ba    program     static C:\MCC18\src\traditional\delays\d10tcyx.asm
        _D10TCYXCODE_000E   0x0026bc    program     static C:\MCC18\src\traditional\delays\d10tcyx.asm
        _D1KTCYXCODE_0010   0x002666    program     static C:\MCC18\src\traditional\delays\d1ktcyx.asm
        _D1KTCYXCODE_0016   0x00266c    program     static C:\MCC18\src\traditional\delays\d1ktcyx.asm
      ___case_-1_lbl00013   0x000902    program     static                          
     ___case_-96_lbl00008   0x0008b2    program     static                          
       ___case_0_lbl00006   0x0008a0    program     static                          
      ___case_68_lbl00005   0x000892    program     static                          
      ___default_lbl00012   0x000900    program     static                          
          ___for_lbl00009   0x0008ee    program     static                          
          ___for_lbl00010   0x0008f8    program     static                          
          ___for_lbl00011   0x0008c8    program     static                          
           ___if_lbl00007   0x0008c0    program     static                          
           ___if_lbl00014   0x000928    program     static                          
           ___if_lbl00015   0x000928    program     static                          
           ___if_lbl00016   0x000928    program     static                          
       ___return_lbl00000   0x0024c2    program     static                          
       ___return_lbl00000   0x000004    program     static                          
       ___return_lbl00000   0x002654    program     static                          
       ___return_lbl00000   0x002552    program     static                          
       ___return_lbl00000   0x000804    program     static                          
       ___return_lbl00001   0x002690    program     static                          
       ___return_lbl00001   0x00080c    program     static                          
       ___return_lbl00002   0x002452    program     static                          
       ___return_lbl00003   0x000928    program     static                          
       ___return_lbl00042   0x002094    program     static                          
   ___switchexit_lbl00004   0x000906    program     static                          
        ___while_lbl00043   0x002086    program     static                          
        ___while_lbl00044   0x002094    program     static                          
               __config_0   0x300000    program     static H:\Zigbee FW\Gun\main.c  
               __config_1   0x300001    program     static H:\Zigbee FW\Gun\main.c  
              __config_10   0x30000c    program     static H:\Zigbee FW\Gun\main.c  
              __config_11   0x30000d    program     static H:\Zigbee FW\Gun\main.c  
               __config_2   0x300002    program     static H:\Zigbee FW\Gun\main.c  
               __config_3   0x300003    program     static H:\Zigbee FW\Gun\main.c  
               __config_4   0x300005    program     static H:\Zigbee FW\Gun\main.c  
               __config_5   0x300006    program     static H:\Zigbee FW\Gun\main.c  
               __config_6   0x300008    program     static H:\Zigbee FW\Gun\main.c  
               __config_7   0x300009    program     static H:\Zigbee FW\Gun\main.c  
               __config_8   0x30000a    program     static H:\Zigbee FW\Gun\main.c  
               __config_9   0x30000b    program     static H:\Zigbee FW\Gun\main.c  
                   __init   0x0026e0    program     extern C:\MCC18\src\traditional\stdclib\__init.c
                   __pa_0   0x001c48    program     static H:\Zigbee FW\Gun\main.c  
                   __pa_0   0x001708    program     static H:\Zigbee FW\Gun\I2C\i2cstuff.c
                   __pa_0   0x001ec2    program     static H:\Zigbee FW\Gun\system\usb\usbctrltrf\usbctrltrf.c
                   __pa_0   0x0012aa    program     static H:\Zigbee FW\Gun\user\user.c
                   __pa_0   0x0022c2    program     static H:\Zigbee FW\Gun\system\usb\class\generic\usbgen.c
                   __pa_0   0x001986    program     static H:\Zigbee FW\Gun\system\usb\usb9\usb9.c
                   __pa_1   0x001ed6    program     static H:\Zigbee FW\Gun\system\usb\usbctrltrf\usbctrltrf.c
                   __pa_1   0x0019e2    program     static H:\Zigbee FW\Gun\system\usb\usb9\usb9.c
                   __pa_1   0x0012b2    program     static H:\Zigbee FW\Gun\user\user.c
                   __pa_1   0x001c54    program     static H:\Zigbee FW\Gun\main.c  
                   __pa_1   0x0022da    program     static H:\Zigbee FW\Gun\system\usb\class\generic\usbgen.c
                   __pa_1   0x001714    program     static H:\Zigbee FW\Gun\I2C\i2cstuff.c
                  __pa_10   0x001366    program     static H:\Zigbee FW\Gun\user\user.c
                  __pa_11   0x00137c    program     static H:\Zigbee FW\Gun\user\user.c
                  __pa_12   0x001392    program     static H:\Zigbee FW\Gun\user\user.c
                  __pa_13   0x0013a0    program     static H:\Zigbee FW\Gun\user\user.c
                  __pa_14   0x0013aa    program     static H:\Zigbee FW\Gun\user\user.c
                  __pa_15   0x0013be    program     static H:\Zigbee FW\Gun\user\user.c
                  __pa_16   0x0013ce    program     static H:\Zigbee FW\Gun\user\user.c
                  __pa_17   0x0013e0    program     static H:\Zigbee FW\Gun\user\user.c
                  __pa_18   0x0013ec    program     static H:\Zigbee FW\Gun\user\user.c
                  __pa_19   0x0013f2    program     static H:\Zigbee FW\Gun\user\user.c
                   __pa_2   0x0022ec    program     static H:\Zigbee FW\Gun\system\usb\class\generic\usbgen.c
                   __pa_2   0x001c68    program     static H:\Zigbee FW\Gun\main.c  
                   __pa_2   0x00171e    program     static H:\Zigbee FW\Gun\I2C\i2cstuff.c
                   __pa_2   0x001ee4    program     static H:\Zigbee FW\Gun\system\usb\usbctrltrf\usbctrltrf.c
                   __pa_2   0x0019fa    program     static H:\Zigbee FW\Gun\system\usb\usb9\usb9.c
                   __pa_2   0x0012c4    program     static H:\Zigbee FW\Gun\user\user.c
                  __pa_20   0x001400    program     static H:\Zigbee FW\Gun\user\user.c
                  __pa_21   0x001416    program     static H:\Zigbee FW\Gun\user\user.c
                  __pa_22   0x001426    program     static H:\Zigbee FW\Gun\user\user.c
                  __pa_23   0x00142e    program     static H:\Zigbee FW\Gun\user\user.c
                  __pa_24   0x00143c    program     static H:\Zigbee FW\Gun\user\user.c
                  __pa_25   0x00144a    program     static H:\Zigbee FW\Gun\user\user.c
                  __pa_26   0x001456    program     static H:\Zigbee FW\Gun\user\user.c
                  __pa_27   0x00145e    program     static H:\Zigbee FW\Gun\user\user.c
                  __pa_28   0x00146c    program     static H:\Zigbee FW\Gun\user\user.c
                  __pa_29   0x00147a    program     static H:\Zigbee FW\Gun\user\user.c
                   __pa_3   0x001a0c    program     static H:\Zigbee FW\Gun\system\usb\usb9\usb9.c
                   __pa_3   0x0012ec    program     static H:\Zigbee FW\Gun\user\user.c
                   __pa_3   0x001c78    program     static H:\Zigbee FW\Gun\main.c  
                   __pa_3   0x001ef4    program     static H:\Zigbee FW\Gun\system\usb\usbctrltrf\usbctrltrf.c
                   __pa_3   0x001728    program     static H:\Zigbee FW\Gun\I2C\i2cstuff.c
                  __pa_30   0x001482    program     static H:\Zigbee FW\Gun\user\user.c
                   __pa_4   0x001f0c    program     static H:\Zigbee FW\Gun\system\usb\usbctrltrf\usbctrltrf.c
                   __pa_4   0x001a1a    program     static H:\Zigbee FW\Gun\system\usb\usb9\usb9.c
                   __pa_4   0x001c82    program     static H:\Zigbee FW\Gun\main.c  
                   __pa_4   0x001736    program     static H:\Zigbee FW\Gun\I2C\i2cstuff.c
                   __pa_4   0x0012f8    program     static H:\Zigbee FW\Gun\user\user.c
                   __pa_5   0x00130a    program     static H:\Zigbee FW\Gun\user\user.c
                   __pa_5   0x001a24    program     static H:\Zigbee FW\Gun\system\usb\usb9\usb9.c
                   __pa_5   0x001c9a    program     static H:\Zigbee FW\Gun\main.c  
                   __pa_5   0x001742    program     static H:\Zigbee FW\Gun\I2C\i2cstuff.c
                   __pa_6   0x001a2c    program     static H:\Zigbee FW\Gun\system\usb\usb9\usb9.c
                   __pa_6   0x001ca4    program     static H:\Zigbee FW\Gun\main.c  
                   __pa_6   0x001314    program     static H:\Zigbee FW\Gun\user\user.c
                   __pa_6   0x001756    program     static H:\Zigbee FW\Gun\I2C\i2cstuff.c
                   __pa_7   0x001cb4    program     static H:\Zigbee FW\Gun\main.c  
                   __pa_7   0x00132e    program     static H:\Zigbee FW\Gun\user\user.c
                   __pa_7   0x001762    program     static H:\Zigbee FW\Gun\I2C\i2cstuff.c
                   __pa_8   0x001774    program     static H:\Zigbee FW\Gun\I2C\i2cstuff.c
                   __pa_8   0x001336    program     static H:\Zigbee FW\Gun\user\user.c
                   __pa_9   0x00134e    program     static H:\Zigbee FW\Gun\user\user.c
               __string_0   0x002508    program     static H:\Zigbee FW\Gun\user\user.c
               __string_1   0x002502    program     static H:\Zigbee FW\Gun\user\user.c
               __string_2   0x0024f7    program     static H:\Zigbee FW\Gun\user\user.c
               __string_3   0x0024f1    program     static H:\Zigbee FW\Gun\user\user.c
               __string_4   0x0024ec    program     static H:\Zigbee FW\Gun\user\user.c
               __string_5   0x0024e4    program     static H:\Zigbee FW\Gun\user\user.c
               __string_6   0x0024dc    program     static H:\Zigbee FW\Gun\user\user.c
               __string_7   0x0024d4    program     static H:\Zigbee FW\Gun\user\user.c
               __string_8   0x0024cb    program     static H:\Zigbee FW\Gun\user\user.c
               __string_9   0x0024c4    program     static H:\Zigbee FW\Gun\user\user.c
              __tmplbl_27   0x0012ec    program     static                          
              __tmplbl_29   0x0012ec    program     static                          
              __tmplbl_30   0x001416    program     static                          
            __zero_memory   0x0026c4    program     extern C:\MCC18\src\traditional\proc\p18F4550.asm
                _do_cinit   0x0023b6    program     extern C:\MCC18\src\traditional\startup\c018i.c
                   _entry   0x000000    program     extern C:\MCC18\src\traditional\startup\c018i.c
                   _false   0x00254e    program     static                          
                _high_ISR   0x000808    program     extern H:\Zigbee FW\Gun\main.c  
                 _low_ISR   0x000818    program     extern H:\Zigbee FW\Gun\main.c  
                   _reset   0x000800    program     extern H:\Zigbee FW\Gun\main.c  
                 _startup   0x002676    program     extern C:\MCC18\src\traditional\startup\c018i.c
               a2d2string   0x000cc2    program     extern H:\Zigbee FW\Gun\user\user.c
             a2dinputread   0x000c3c    program     extern H:\Zigbee FW\Gun\user\user.c
                    cfg01   0x00230a    program     extern H:\Zigbee FW\Gun\autofiles\usbdsc.c
           changebaudrate   0x000aac    program     extern H:\Zigbee FW\Gun\user\user.c
                checkrcv1   0x00164e    program     extern H:\Zigbee FW\Gun\I2C\i2cstuff.c
               clear_loop   0x0026ca    program     static C:\MCC18\src\traditional\proc\p18F4550.asm
                    commo   0x000b56    program     extern H:\Zigbee FW\Gun\user\user.c
                copy_loop   0x002428    program     static                          
            copy_one_byte   0x00242e    program     static                          
                dataready   0x000c04    program     extern H:\Zigbee FW\Gun\user\user.c
               device_dsc   0x0022f8    program     extern H:\Zigbee FW\Gun\autofiles\usbdsc.c
                     done   0x002452    program     static                          
             done_copying   0x00243c    program     static                          
                  endloop   0x002650    program     static                          
                 fulluart   0x000bf4    program     extern H:\Zigbee FW\Gun\user\user.c
            function100mS   0x001208    program     extern H:\Zigbee FW\Gun\user\user.c
             function1Sec   0x00121c    program     extern H:\Zigbee FW\Gun\user\user.c
             function1day   0x001222    program     extern H:\Zigbee FW\Gun\user\user.c
            function1hour   0x001220    program     extern H:\Zigbee FW\Gun\user\user.c
             function1min   0x00121e    program     extern H:\Zigbee FW\Gun\user\user.c
             function25mS   0x001206    program     extern H:\Zigbee FW\Gun\user\user.c
             getdelayuart   0x000ade    program     extern H:\Zigbee FW\Gun\user\user.c
                 getsuart   0x000c0a    program     extern H:\Zigbee FW\Gun\user\user.c
                  inctime   0x00117e    program     extern H:\Zigbee FW\Gun\user\user.c
                  initi2c   0x00148a    program     extern H:\Zigbee FW\Gun\I2C\i2cstuff.c
                 initxbee   0x001224    program     extern H:\Zigbee FW\Gun\user\user.c
               interrupt1   0x001a34    program     extern H:\Zigbee FW\Gun\main.c  
          interrupthingie   0x001030    program     extern H:\Zigbee FW\Gun\user\user.c
               loadconfig   0x00114e    program     extern H:\Zigbee FW\Gun\user\user.c
       loadconfigfriendly   0x001284    program     extern H:\Zigbee FW\Gun\user\user.c
                     loop   0x002686    program     static                          
                     loop   0x002634    program     static                          
                     loop   0x00251a    program     static                          
                     main   0x001ace    program     extern H:\Zigbee FW\Gun\main.c  
            port_to_ascii   0x00101e    program     extern H:\Zigbee FW\Gun\user\user.c
                putrsuart   0x000ba0    program     extern H:\Zigbee FW\Gun\user\user.c
                 putsuart   0x000b64    program     extern H:\Zigbee FW\Gun\user\user.c
            read_rcvbuffa   0x000e7a    program     extern H:\Zigbee FW\Gun\user\user.c
            read_sndbuffa   0x000fa6    program     extern H:\Zigbee FW\Gun\user\user.c
                readusart   0x000c2e    program     extern H:\Zigbee FW\Gun\user\user.c
                    sd000   0x00232a    program     extern H:\Zigbee FW\Gun\autofiles\usbdsc.c
                    sd001   0x00232e    program     extern H:\Zigbee FW\Gun\autofiles\usbdsc.c
                    sd002   0x002362    program     extern H:\Zigbee FW\Gun\autofiles\usbdsc.c
        sleep_config_xbee   0x001266    program     extern H:\Zigbee FW\Gun\user\user.c
               startUsart   0x000956    program     extern H:\Zigbee FW\Gun\user\user.c
               starttimer   0x001126    program     extern H:\Zigbee FW\Gun\user\user.c
                     test   0x0023d0    program     static                          
                 testxbee   0x000a36    program     extern H:\Zigbee FW\Gun\user\user.c
           write_rcvbuffa   0x000d94    program     extern H:\Zigbee FW\Gun\user\user.c
           write_sndbuffa   0x000efe    program     extern H:\Zigbee FW\Gun\user\user.c
                   ADCON0   0x000fc2       data     extern C:\MCC18\src\traditional\proc\p18F4550.asm
               ADCON0bits   0x000fc2       data     extern C:\MCC18\src\traditional\proc\p18F4550.asm
                   ADCON1   0x000fc1       data     extern C:\MCC18\src\traditional\proc\p18F4550.asm
               ADCON1bits   0x000fc1       data     extern C:\MCC18\src\traditional\proc\p18F4550.asm
                   ADCON2   0x000fc0       data     extern C:\MCC18\src\traditional\proc\p18F4550.asm
               ADCON2bits   0x000fc0       data     extern C:\MCC18\src\traditional\proc\p18F4550.asm
                    ADRES   0x000fc3       data     extern C:\MCC18\src\traditional\proc\p18F4550.asm
                   ADRESH   0x000fc4       data     extern C:\MCC18\src\traditional\proc\p18F4550.asm
                   ADRESL   0x000fc3       data     extern C:\MCC18\src\traditional\proc\p18F4550.asm
                  BAUDCON   0x000fb8       data     extern C:\MCC18\src\traditional\proc\p18F4550.asm
              BAUDCONbits   0x000fb8       data     extern C:\MCC18\src\traditional\proc\p18F4550.asm
                      BSR   0x000fe0       data     extern C:\MCC18\src\traditional\proc\p18F4550.asm
                   CCP1AS   0x000fb6       data     extern C:\MCC18\src\traditional\proc\p18F4550.asm
               CCP1ASbits   0x000fb6       data     extern C:\MCC18\src\traditional\proc\p18F4550.asm
                  CCP1CON   0x000fbd       data     extern C:\MCC18\src\traditional\proc\p18F4550.asm
              CCP1CONbits   0x000fbd       data     extern C:\MCC18\src\traditional\proc\p18F4550.asm
                  CCP1DEL   0x000fb7       data     extern C:\MCC18\src\traditional\proc\p18F4550.asm
              CCP1DELbits   0x000fb7       data     extern C:\MCC18\src\traditional\proc\p18F4550.asm
                  CCP2CON   0x000fba       data     extern C:\MCC18\src\traditional\proc\p18F4550.asm
              CCP2CONbits   0x000fba       data     extern C:\MCC18\src\traditional\proc\p18F4550.asm
                    CCPR1   0x000fbe       data     extern C:\MCC18\src\traditional\proc\p18F4550.asm
                   CCPR1H   0x000fbf       data     extern C:\MCC18\src\traditional\proc\p18F4550.asm
                   CCPR1L   0x000fbe       data     extern C:\MCC18\src\traditional\proc\p18F4550.asm
                    CCPR2   0x000fbb       data     extern C:\MCC18\src\traditional\proc\p18F4550.asm
                   CCPR2H   0x000fbc       data     extern C:\MCC18\src\traditional\proc\p18F4550.asm
                   CCPR2L   0x000fbb       data     extern C:\MCC18\src\traditional\proc\p18F4550.asm
                    CMCON   0x000fb4       data     extern C:\MCC18\src\traditional\proc\p18F4550.asm
                CMCONbits   0x000fb4       data     extern C:\MCC18\src\traditional\proc\p18F4550.asm
                   CVRCON   0x000fb5       data     extern C:\MCC18\src\traditional\proc\p18F4550.asm
               CVRCONbits   0x000fb5       data     extern C:\MCC18\src\traditional\proc\p18F4550.asm
              ControlByte   0x000142       data     extern H:\Zigbee FW\Gun\user\user.c
              CtrlTrfData   0x000420       data     extern H:\Zigbee FW\Gun\system\usb\usbmmap.c
                     DDRA   0x000f92       data     extern C:\MCC18\src\traditional\proc\p18F4550.asm
                 DDRAbits   0x000f92       data     extern C:\MCC18\src\traditional\proc\p18F4550.asm
                     DDRB   0x000f93       data     extern C:\MCC18\src\traditional\proc\p18F4550.asm
                 DDRBbits   0x000f93       data     extern C:\MCC18\src\traditional\proc\p18F4550.asm
                     DDRC   0x000f94       data     extern C:\MCC18\src\traditional\proc\p18F4550.asm
                 DDRCbits   0x000f94       data     extern C:\MCC18\src\traditional\proc\p18F4550.asm
                     DDRD   0x000f95       data     extern C:\MCC18\src\traditional\proc\p18F4550.asm
                 DDRDbits   0x000f95       data     extern C:\MCC18\src\traditional\proc\p18F4550.asm
                     DDRE   0x000f96       data     extern C:\MCC18\src\traditional\proc\p18F4550.asm
                 DDREbits   0x000f96       data     extern C:\MCC18\src\traditional\proc\p18F4550.asm
                     Data   0x000145       data     extern H:\Zigbee FW\Gun\user\user.c
                    Data1   0x00014f       data     extern H:\Zigbee FW\Gun\user\user.c
                    Data2   0x000146       data     extern H:\Zigbee FW\Gun\user\user.c
            DelayCounter1   0x00001d       data     extern C:\MCC18\src\traditional\delays\delayd1.asm
            DelayCounter2   0x00001c       data     extern C:\MCC18\src\traditional\delays\delayd2.asm
                  ECCP1AS   0x000fb6       data     extern C:\MCC18\src\traditional\proc\p18F4550.asm
              ECCP1ASbits   0x000fb6       data     extern C:\MCC18\src\traditional\proc\p18F4550.asm
                 ECCP1CON   0x000fbd       data     extern C:\MCC18\src\traditional\proc\p18F4550.asm
             ECCP1CONbits   0x000fbd       data     extern C:\MCC18\src\traditional\proc\p18F4550.asm
                 ECCP1DEL   0x000fb7       data     extern C:\MCC18\src\traditional\proc\p18F4550.asm
             ECCP1DELbits   0x000fb7       data     extern C:\MCC18\src\traditional\proc\p18F4550.asm
                    EEADR   0x000fa9       data     extern C:\MCC18\src\traditional\proc\p18F4550.asm
                   EECON1   0x000fa6       data     extern C:\MCC18\src\traditional\proc\p18F4550.asm
               EECON1bits   0x000fa6       data     extern C:\MCC18\src\traditional\proc\p18F4550.asm
                   EECON2   0x000fa7       data     extern C:\MCC18\src\traditional\proc\p18F4550.asm
                   EEDATA   0x000fa8       data     extern C:\MCC18\src\traditional\proc\p18F4550.asm
                     FSR0   0x000fe9       data     extern C:\MCC18\src\traditional\proc\p18F4550.asm
                    FSR0H   0x000fea       data     extern C:\MCC18\src\traditional\proc\p18F4550.asm
                    FSR0L   0x000fe9       data     extern C:\MCC18\src\traditional\proc\p18F4550.asm
                     FSR1   0x000fe1       data     extern C:\MCC18\src\traditional\proc\p18F4550.asm
                    FSR1H   0x000fe2       data     extern C:\MCC18\src\traditional\proc\p18F4550.asm
                    FSR1L   0x000fe1       data     extern C:\MCC18\src\traditional\proc\p18F4550.asm
                     FSR2   0x000fd9       data     extern C:\MCC18\src\traditional\proc\p18F4550.asm
                    FSR2H   0x000fda       data     extern C:\MCC18\src\traditional\proc\p18F4550.asm
                    FSR2L   0x000fd9       data     extern C:\MCC18\src\traditional\proc\p18F4550.asm
                  HLVDCON   0x000fd2       data     extern C:\MCC18\src\traditional\proc\p18F4550.asm
              HLVDCONbits   0x000fd2       data     extern C:\MCC18\src\traditional\proc\p18F4550.asm
                  HighAdd   0x000143       data     extern H:\Zigbee FW\Gun\user\user.c
                    INDF0   0x000fef       data     extern C:\MCC18\src\traditional\proc\p18F4550.asm
                    INDF1   0x000fe7       data     extern C:\MCC18\src\traditional\proc\p18F4550.asm
                    INDF2   0x000fdf       data     extern C:\MCC18\src\traditional\proc\p18F4550.asm
                   INTCON   0x000ff2       data     extern C:\MCC18\src\traditional\proc\p18F4550.asm
                  INTCON2   0x000ff1       data     extern C:\MCC18\src\traditional\proc\p18F4550.asm
              INTCON2bits   0x000ff1       data     extern C:\MCC18\src\traditional\proc\p18F4550.asm
                  INTCON3   0x000ff0       data     extern C:\MCC18\src\traditional\proc\p18F4550.asm
              INTCON3bits   0x000ff0       data     extern C:\MCC18\src\traditional\proc\p18F4550.asm
               INTCONbits   0x000ff2       data     extern C:\MCC18\src\traditional\proc\p18F4550.asm
                     IPR1   0x000f9f       data     extern C:\MCC18\src\traditional\proc\p18F4550.asm
                 IPR1bits   0x000f9f       data     extern C:\MCC18\src\traditional\proc\p18F4550.asm
                     IPR2   0x000fa2       data     extern C:\MCC18\src\traditional\proc\p18F4550.asm
                 IPR2bits   0x000fa2       data     extern C:\MCC18\src\traditional\proc\p18F4550.asm
                     LATA   0x000f89       data     extern C:\MCC18\src\traditional\proc\p18F4550.asm
                 LATAbits   0x000f89       data     extern C:\MCC18\src\traditional\proc\p18F4550.asm
                     LATB   0x000f8a       data     extern C:\MCC18\src\traditional\proc\p18F4550.asm
                 LATBbits   0x000f8a       data     extern C:\MCC18\src\traditional\proc\p18F4550.asm
                     LATC   0x000f8b       data     extern C:\MCC18\src\traditional\proc\p18F4550.asm
                 LATCbits   0x000f8b       data     extern C:\MCC18\src\traditional\proc\p18F4550.asm
                     LATD   0x000f8c       data     extern C:\MCC18\src\traditional\proc\p18F4550.asm
                 LATDbits   0x000f8c       data     extern C:\MCC18\src\traditional\proc\p18F4550.asm
                     LATE   0x000f8d       data     extern C:\MCC18\src\traditional\proc\p18F4550.asm
                 LATEbits   0x000f8d       data     extern C:\MCC18\src\traditional\proc\p18F4550.asm
                   LVDCON   0x000fd2       data     extern C:\MCC18\src\traditional\proc\p18F4550.asm
               LVDCONbits   0x000fd2       data     extern C:\MCC18\src\traditional\proc\p18F4550.asm
                   Length   0x000147       data     extern H:\Zigbee FW\Gun\user\user.c
                   LowAdd   0x000144       data     extern H:\Zigbee FW\Gun\user\user.c
                   OSCCON   0x000fd3       data     extern C:\MCC18\src\traditional\proc\p18F4550.asm
               OSCCONbits   0x000fd3       data     extern C:\MCC18\src\traditional\proc\p18F4550.asm
                  OSCTUNE   0x000f9b       data     extern C:\MCC18\src\traditional\proc\p18F4550.asm
              OSCTUNEbits   0x000f9b       data     extern C:\MCC18\src\traditional\proc\p18F4550.asm
            PACKET_LENGTH   0x0001e4       data     extern H:\Zigbee FW\Gun\user\user.c
                       PC   0x000ff9       data     extern C:\MCC18\src\traditional\proc\p18F4550.asm
                      PCL   0x000ff9       data     extern C:\MCC18\src\traditional\proc\p18F4550.asm
                   PCLATH   0x000ffa       data     extern C:\MCC18\src\traditional\proc\p18F4550.asm
                   PCLATU   0x000ffb       data     extern C:\MCC18\src\traditional\proc\p18F4550.asm
                     PIE1   0x000f9d       data     extern C:\MCC18\src\traditional\proc\p18F4550.asm
                 PIE1bits   0x000f9d       data     extern C:\MCC18\src\traditional\proc\p18F4550.asm
                     PIE2   0x000fa0       data     extern C:\MCC18\src\traditional\proc\p18F4550.asm
                 PIE2bits   0x000fa0       data     extern C:\MCC18\src\traditional\proc\p18F4550.asm
                     PIR1   0x000f9e       data     extern C:\MCC18\src\traditional\proc\p18F4550.asm
                 PIR1bits   0x000f9e       data     extern C:\MCC18\src\traditional\proc\p18F4550.asm
                     PIR2   0x000fa1       data     extern C:\MCC18\src\traditional\proc\p18F4550.asm
                 PIR2bits   0x000fa1       data     extern C:\MCC18\src\traditional\proc\p18F4550.asm
                   PLUSW0   0x000feb       data     extern C:\MCC18\src\traditional\proc\p18F4550.asm
                   PLUSW1   0x000fe3       data     extern C:\MCC18\src\traditional\proc\p18F4550.asm
                   PLUSW2   0x000fdb       data     extern C:\MCC18\src\traditional\proc\p18F4550.asm
                    PORTA   0x000f80       data     extern C:\MCC18\src\traditional\proc\p18F4550.asm
                PORTAbits   0x000f80       data     extern C:\MCC18\src\traditional\proc\p18F4550.asm
                    PORTB   0x000f81       data     extern C:\MCC18\src\traditional\proc\p18F4550.asm
                PORTBbits   0x000f81       data     extern C:\MCC18\src\traditional\proc\p18F4550.asm
                    PORTC   0x000f82       data     extern C:\MCC18\src\traditional\proc\p18F4550.asm
                PORTCbits   0x000f82       data     extern C:\MCC18\src\traditional\proc\p18F4550.asm
                    PORTD   0x000f83       data     extern C:\MCC18\src\traditional\proc\p18F4550.asm
                PORTDbits   0x000f83       data     extern C:\MCC18\src\traditional\proc\p18F4550.asm
                    PORTE   0x000f84       data     extern C:\MCC18\src\traditional\proc\p18F4550.asm
                PORTEbits   0x000f84       data     extern C:\MCC18\src\traditional\proc\p18F4550.asm
                 POSTDEC0   0x000fed       data     extern C:\MCC18\src\traditional\proc\p18F4550.asm
                 POSTDEC1   0x000fe5       data     extern C:\MCC18\src\traditional\proc\p18F4550.asm
                 POSTDEC2   0x000fdd       data     extern C:\MCC18\src\traditional\proc\p18F4550.asm
                 POSTINC0   0x000fee       data     extern C:\MCC18\src\traditional\proc\p18F4550.asm
                 POSTINC1   0x000fe6       data     extern C:\MCC18\src\traditional\proc\p18F4550.asm
                 POSTINC2   0x000fde       data     extern C:\MCC18\src\traditional\proc\p18F4550.asm
                      PR2   0x000fcb       data     extern C:\MCC18\src\traditional\proc\p18F4550.asm
                  PREINC0   0x000fec       data     extern C:\MCC18\src\traditional\proc\p18F4550.asm
                  PREINC1   0x000fe4       data     extern C:\MCC18\src\traditional\proc\p18F4550.asm
                  PREINC2   0x000fdc       data     extern C:\MCC18\src\traditional\proc\p18F4550.asm
                     PROD   0x000ff3       data     extern C:\MCC18\src\traditional\proc\p18F4550.asm
                    PRODH   0x000ff4       data     extern C:\MCC18\src\traditional\proc\p18F4550.asm
                    PRODL   0x000ff3       data     extern C:\MCC18\src\traditional\proc\p18F4550.asm
                 PageSize   0x000148       data     extern H:\Zigbee FW\Gun\user\user.c
                     RCON   0x000fd0       data     extern C:\MCC18\src\traditional\proc\p18F4550.asm
                 RCONbits   0x000fd0       data     extern C:\MCC18\src\traditional\proc\p18F4550.asm
                    RCREG   0x000fae       data     extern C:\MCC18\src\traditional\proc\p18F4550.asm
                    RCSTA   0x000fab       data     extern C:\MCC18\src\traditional\proc\p18F4550.asm
                RCSTAbits   0x000fab       data     extern C:\MCC18\src\traditional\proc\p18F4550.asm
                     SIGN   0x000000       data     extern C:\MCC18\src\traditional\math\cmath18.asm
                    SPBRG   0x000faf       data     extern C:\MCC18\src\traditional\proc\p18F4550.asm
                   SPBRGH   0x000fb0       data     extern C:\MCC18\src\traditional\proc\p18F4550.asm
                   SPPCFG   0x000f63       data     extern C:\MCC18\src\traditional\proc\p18F4550.asm
               SPPCFGbits   0x000f63       data     extern C:\MCC18\src\traditional\proc\p18F4550.asm
                   SPPCON   0x000f65       data     extern C:\MCC18\src\traditional\proc\p18F4550.asm
               SPPCONbits   0x000f65       data     extern C:\MCC18\src\traditional\proc\p18F4550.asm
                  SPPDATA   0x000f62       data     extern C:\MCC18\src\traditional\proc\p18F4550.asm
                   SPPEPS   0x000f64       data     extern C:\MCC18\src\traditional\proc\p18F4550.asm
               SPPEPSbits   0x000f64       data     extern C:\MCC18\src\traditional\proc\p18F4550.asm
                   SSPADD   0x000fc8       data     extern C:\MCC18\src\traditional\proc\p18F4550.asm
                   SSPBUF   0x000fc9       data     extern C:\MCC18\src\traditional\proc\p18F4550.asm
                  SSPCON1   0x000fc6       data     extern C:\MCC18\src\traditional\proc\p18F4550.asm
              SSPCON1bits   0x000fc6       data     extern C:\MCC18\src\traditional\proc\p18F4550.asm
                  SSPCON2   0x000fc5       data     extern C:\MCC18\src\traditional\proc\p18F4550.asm
              SSPCON2bits   0x000fc5       data     extern C:\MCC18\src\traditional\proc\p18F4550.asm
                  SSPSTAT   0x000fc7       data     extern C:\MCC18\src\traditional\proc\p18F4550.asm
              SSPSTATbits   0x000fc7       data     extern C:\MCC18\src\traditional\proc\p18F4550.asm
                   STATUS   0x000fd8       data     extern C:\MCC18\src\traditional\proc\p18F4550.asm
               STATUSbits   0x000fd8       data     extern C:\MCC18\src\traditional\proc\p18F4550.asm
                   STKPTR   0x000ffc       data     extern C:\MCC18\src\traditional\proc\p18F4550.asm
               STKPTRbits   0x000ffc       data     extern C:\MCC18\src\traditional\proc\p18F4550.asm
            Sbuffer_empty   0x0001f7       data     extern H:\Zigbee FW\Gun\user\user.c
             Sbuffer_full   0x0001f6       data     extern H:\Zigbee FW\Gun\user\user.c
                 SetupPkt   0x000418       data     extern H:\Zigbee FW\Gun\system\usb\usbmmap.c
                    Shead   0x000180       data     extern H:\Zigbee FW\Gun\user\user.c
                  Slength   0x0001f2       data     extern H:\Zigbee FW\Gun\user\user.c
                    Stail   0x0001ee       data     extern H:\Zigbee FW\Gun\user\user.c
                    T0CON   0x000fd5       data     extern C:\MCC18\src\traditional\proc\p18F4550.asm
                T0CONbits   0x000fd5       data     extern C:\MCC18\src\traditional\proc\p18F4550.asm
                    T1CON   0x000fcd       data     extern C:\MCC18\src\traditional\proc\p18F4550.asm
                T1CONbits   0x000fcd       data     extern C:\MCC18\src\traditional\proc\p18F4550.asm
                    T2CON   0x000fca       data     extern C:\MCC18\src\traditional\proc\p18F4550.asm
                T2CONbits   0x000fca       data     extern C:\MCC18\src\traditional\proc\p18F4550.asm
                    T3CON   0x000fb1       data     extern C:\MCC18\src\traditional\proc\p18F4550.asm
                T3CONbits   0x000fb1       data     extern C:\MCC18\src\traditional\proc\p18F4550.asm
                   TABLAT   0x000ff5       data     extern C:\MCC18\src\traditional\proc\p18F4550.asm
                   TBLPTR   0x000ff6       data     extern C:\MCC18\src\traditional\proc\p18F4550.asm
                  TBLPTRH   0x000ff7       data     extern C:\MCC18\src\traditional\proc\p18F4550.asm
                  TBLPTRL   0x000ff6       data     extern C:\MCC18\src\traditional\proc\p18F4550.asm
                  TBLPTRU   0x000ff8       data     extern C:\MCC18\src\traditional\proc\p18F4550.asm
                    TMR0H   0x000fd7       data     extern C:\MCC18\src\traditional\proc\p18F4550.asm
                    TMR0L   0x000fd6       data     extern C:\MCC18\src\traditional\proc\p18F4550.asm
                    TMR1H   0x000fcf       data     extern C:\MCC18\src\traditional\proc\p18F4550.asm
                    TMR1L   0x000fce       data     extern C:\MCC18\src\traditional\proc\p18F4550.asm
                     TMR2   0x000fcc       data     extern C:\MCC18\src\traditional\proc\p18F4550.asm
                    TMR3H   0x000fb3       data     extern C:\MCC18\src\traditional\proc\p18F4550.asm
                    TMR3L   0x000fb2       data     extern C:\MCC18\src\traditional\proc\p18F4550.asm
                      TOS   0x000ffd       data     extern C:\MCC18\src\traditional\proc\p18F4550.asm
                     TOSH   0x000ffe       data     extern C:\MCC18\src\traditional\proc\p18F4550.asm
                     TOSL   0x000ffd       data     extern C:\MCC18\src\traditional\proc\p18F4550.asm
                     TOSU   0x000fff       data     extern C:\MCC18\src\traditional\proc\p18F4550.asm
                    TRISA   0x000f92       data     extern C:\MCC18\src\traditional\proc\p18F4550.asm
                TRISAbits   0x000f92       data     extern C:\MCC18\src\traditional\proc\p18F4550.asm
                    TRISB   0x000f93       data     extern C:\MCC18\src\traditional\proc\p18F4550.asm
                TRISBbits   0x000f93       data     extern C:\MCC18\src\traditional\proc\p18F4550.asm
                    TRISC   0x000f94       data     extern C:\MCC18\src\traditional\proc\p18F4550.asm
                TRISCbits   0x000f94       data     extern C:\MCC18\src\traditional\proc\p18F4550.asm
                    TRISD   0x000f95       data     extern C:\MCC18\src\traditional\proc\p18F4550.asm
                TRISDbits   0x000f95       data     extern C:\MCC18\src\traditional\proc\p18F4550.asm
                    TRISE   0x000f96       data     extern C:\MCC18\src\traditional\proc\p18F4550.asm
                TRISEbits   0x000f96       data     extern C:\MCC18\src\traditional\proc\p18F4550.asm
                    TXREG   0x000fad       data     extern C:\MCC18\src\traditional\proc\p18F4550.asm
                    TXSTA   0x000fac       data     extern C:\MCC18\src\traditional\proc\p18F4550.asm
                TXSTAbits   0x000fac       data     extern C:\MCC18\src\traditional\proc\p18F4550.asm
                    UADDR   0x000f6e       data     extern C:\MCC18\src\traditional\proc\p18F4550.asm
                UADDRbits   0x000f6e       data     extern C:\MCC18\src\traditional\proc\p18F4550.asm
                     UCFG   0x000f6f       data     extern C:\MCC18\src\traditional\proc\p18F4550.asm
                 UCFGbits   0x000f6f       data     extern C:\MCC18\src\traditional\proc\p18F4550.asm
                     UCON   0x000f6d       data     extern C:\MCC18\src\traditional\proc\p18F4550.asm
                 UCONbits   0x000f6d       data     extern C:\MCC18\src\traditional\proc\p18F4550.asm
                     UEIE   0x000f6b       data     extern C:\MCC18\src\traditional\proc\p18F4550.asm
                 UEIEbits   0x000f6b       data     extern C:\MCC18\src\traditional\proc\p18F4550.asm
                     UEIR   0x000f6a       data     extern C:\MCC18\src\traditional\proc\p18F4550.asm
                 UEIRbits   0x000f6a       data     extern C:\MCC18\src\traditional\proc\p18F4550.asm
                     UEP0   0x000f70       data     extern C:\MCC18\src\traditional\proc\p18F4550.asm
                 UEP0bits   0x000f70       data     extern C:\MCC18\src\traditional\proc\p18F4550.asm
                     UEP1   0x000f71       data     extern C:\MCC18\src\traditional\proc\p18F4550.asm
                    UEP10   0x000f7a       data     extern C:\MCC18\src\traditional\proc\p18F4550.asm
                UEP10bits   0x000f7a       data     extern C:\MCC18\src\traditional\proc\p18F4550.asm
                    UEP11   0x000f7b       data     extern C:\MCC18\src\traditional\proc\p18F4550.asm
                UEP11bits   0x000f7b       data     extern C:\MCC18\src\traditional\proc\p18F4550.asm
                    UEP12   0x000f7c       data     extern C:\MCC18\src\traditional\proc\p18F4550.asm
                UEP12bits   0x000f7c       data     extern C:\MCC18\src\traditional\proc\p18F4550.asm
                    UEP13   0x000f7d       data     extern C:\MCC18\src\traditional\proc\p18F4550.asm
                UEP13bits   0x000f7d       data     extern C:\MCC18\src\traditional\proc\p18F4550.asm
                    UEP14   0x000f7e       data     extern C:\MCC18\src\traditional\proc\p18F4550.asm
                UEP14bits   0x000f7e       data     extern C:\MCC18\src\traditional\proc\p18F4550.asm
                    UEP15   0x000f7f       data     extern C:\MCC18\src\traditional\proc\p18F4550.asm
                UEP15bits   0x000f7f       data     extern C:\MCC18\src\traditional\proc\p18F4550.asm
                 UEP1bits   0x000f71       data     extern C:\MCC18\src\traditional\proc\p18F4550.asm
                     UEP2   0x000f72       data     extern C:\MCC18\src\traditional\proc\p18F4550.asm
                 UEP2bits   0x000f72       data     extern C:\MCC18\src\traditional\proc\p18F4550.asm
                     UEP3   0x000f73       data     extern C:\MCC18\src\traditional\proc\p18F4550.asm
                 UEP3bits   0x000f73       data     extern C:\MCC18\src\traditional\proc\p18F4550.asm
                     UEP4   0x000f74       data     extern C:\MCC18\src\traditional\proc\p18F4550.asm
                 UEP4bits   0x000f74       data     extern C:\MCC18\src\traditional\proc\p18F4550.asm
                     UEP5   0x000f75       data     extern C:\MCC18\src\traditional\proc\p18F4550.asm
                 UEP5bits   0x000f75       data     extern C:\MCC18\src\traditional\proc\p18F4550.asm
                     UEP6   0x000f76       data     extern C:\MCC18\src\traditional\proc\p18F4550.asm
                 UEP6bits   0x000f76       data     extern C:\MCC18\src\traditional\proc\p18F4550.asm
                     UEP7   0x000f77       data     extern C:\MCC18\src\traditional\proc\p18F4550.asm
                 UEP7bits   0x000f77       data     extern C:\MCC18\src\traditional\proc\p18F4550.asm
                     UEP8   0x000f78       data     extern C:\MCC18\src\traditional\proc\p18F4550.asm
                 UEP8bits   0x000f78       data     extern C:\MCC18\src\traditional\proc\p18F4550.asm
                     UEP9   0x000f79       data     extern C:\MCC18\src\traditional\proc\p18F4550.asm
                 UEP9bits   0x000f79       data     extern C:\MCC18\src\traditional\proc\p18F4550.asm
                     UFRM   0x000f66       data     extern C:\MCC18\src\traditional\proc\p18F4550.asm
                    UFRMH   0x000f67       data     extern C:\MCC18\src\traditional\proc\p18F4550.asm
                UFRMHbits   0x000f67       data     extern C:\MCC18\src\traditional\proc\p18F4550.asm
                    UFRML   0x000f66       data     extern C:\MCC18\src\traditional\proc\p18F4550.asm
                UFRMLbits   0x000f66       data     extern C:\MCC18\src\traditional\proc\p18F4550.asm
                      UIE   0x000f69       data     extern C:\MCC18\src\traditional\proc\p18F4550.asm
                  UIEbits   0x000f69       data     extern C:\MCC18\src\traditional\proc\p18F4550.asm
                      UIR   0x000f68       data     extern C:\MCC18\src\traditional\proc\p18F4550.asm
                  UIRbits   0x000f68       data     extern C:\MCC18\src\traditional\proc\p18F4550.asm
             USART_Status   0x000082       data     extern C:\MCC18\src\pmc_common\USART\udefs.c
                    USTAT   0x000f6c       data     extern C:\MCC18\src\traditional\proc\p18F4550.asm
                USTATbits   0x000f6c       data     extern C:\MCC18\src\traditional\proc\p18F4550.asm
                   WDTCON   0x000fd1       data     extern C:\MCC18\src\traditional\proc\p18F4550.asm
               WDTCONbits   0x000fd1       data     extern C:\MCC18\src\traditional\proc\p18F4550.asm
                     WREG   0x000fe8       data     extern C:\MCC18\src\traditional\proc\p18F4550.asm
                 __AARGB0   0x000009       data     extern C:\MCC18\src\traditional\math\aarg.asm
                 __AARGB1   0x000008       data     extern C:\MCC18\src\traditional\math\aarg.asm
                 __AARGB2   0x000007       data     extern C:\MCC18\src\traditional\math\aarg.asm
                 __AARGB3   0x000006       data     extern C:\MCC18\src\traditional\math\aarg.asm
                 __AARGB4   0x000005       data     extern C:\MCC18\src\traditional\math\aarg.asm
                 __AARGB5   0x000004       data     extern C:\MCC18\src\traditional\math\aarg.asm
                 __AARGB6   0x000003       data     extern C:\MCC18\src\traditional\math\aarg.asm
                 __AARGB7   0x000002       data     extern C:\MCC18\src\traditional\math\aarg.asm
                   __AEXP   0x00000a       data     extern C:\MCC18\src\traditional\math\aarg.asm
                 __BARGB0   0x00000e       data     extern C:\MCC18\src\traditional\math\barg.asm
                 __BARGB1   0x00000d       data     extern C:\MCC18\src\traditional\math\barg.asm
                 __BARGB2   0x00000c       data     extern C:\MCC18\src\traditional\math\barg.asm
                 __BARGB3   0x00000b       data     extern C:\MCC18\src\traditional\math\barg.asm
                   __BEXP   0x00000f       data     extern C:\MCC18\src\traditional\math\barg.asm
                __FPFLAGS   0x000001       data     extern C:\MCC18\src\traditional\math\cmath18.asm
            __FPFLAGSbits   0x000001       data     extern C:\MCC18\src\traditional\math\cmath18.asm
                  __REMB0   0x000005       data     extern C:\MCC18\src\traditional\math\aarg.asm
                  __REMB1   0x000004       data     extern C:\MCC18\src\traditional\math\aarg.asm
                  __REMB2   0x000003       data     extern C:\MCC18\src\traditional\math\aarg.asm
                  __REMB3   0x000002       data     extern C:\MCC18\src\traditional\math\aarg.asm
                   __TEMP   0x000013       data     extern C:\MCC18\src\traditional\math\temparg.asm
                 __TEMPB0   0x000013       data     extern C:\MCC18\src\traditional\math\temparg.asm
                 __TEMPB1   0x000012       data     extern C:\MCC18\src\traditional\math\temparg.asm
                 __TEMPB2   0x000011       data     extern C:\MCC18\src\traditional\math\temparg.asm
                 __TEMPB3   0x000010       data     extern C:\MCC18\src\traditional\math\temparg.asm
                  __tmp_0   0x000014       data     static H:\Zigbee FW\Gun\I2C\i2cstuff.c
                  __tmp_0   0x000014       data     static H:\Zigbee FW\Gun\system\usb\usb9\usb9.c
                  __tmp_0   0x000014       data     static H:\Zigbee FW\Gun\system\usb\class\generic\usbgen.c
                  __tmp_0   0x000014       data     static H:\Zigbee FW\Gun\user\user.c
                        a   0x00007c       data     extern H:\Zigbee FW\Gun\main.c  
                 addressh   0x00014d       data     extern H:\Zigbee FW\Gun\user\user.c
                 addressl   0x00014e       data     extern H:\Zigbee FW\Gun\user\user.c
                        b   0x000078       data     extern H:\Zigbee FW\Gun\main.c  
              baudrateval   0x000173       data     extern H:\Zigbee FW\Gun\user\user.c
                   blah22   0x0001f8       data     extern H:\Zigbee FW\Gun\I2C\i2cstuff.c
             buffer_empty   0x0001f5       data     extern H:\Zigbee FW\Gun\user\user.c
              buffer_full   0x0001f4       data     extern H:\Zigbee FW\Gun\user\user.c
                        c   0x00007a       data     extern H:\Zigbee FW\Gun\main.c  
                  counter   0x000100       data     extern H:\Zigbee FW\Gun\user\user.c
   ctrl_trf_session_owner   0x000061       data     extern H:\Zigbee FW\Gun\system\usb\usbctrltrf\usbctrltrf.c
           ctrl_trf_state   0x000060       data     extern H:\Zigbee FW\Gun\system\usb\usbctrltrf\usbctrltrf.c
                 currHead   0x000175       data     extern H:\Zigbee FW\Gun\user\user.c
                 currTail   0x000177       data     extern H:\Zigbee FW\Gun\user\user.c
                curr_byte   0x00006d       data     static C:\MCC18\src\traditional\startup\c018i.c
               curr_entry   0x00006f       data     static C:\MCC18\src\traditional\startup\c018i.c
                        d   0x000158       data     extern H:\Zigbee FW\Gun\user\user.c
                     data   0x000170       data     extern H:\Zigbee FW\Gun\user\user.c
               dataPacket   0x000102       data     extern H:\Zigbee FW\Gun\user\user.c
                 data_ptr   0x000071       data     static C:\MCC18\src\traditional\startup\c018i.c
                   datamm   0x00014c       data     extern H:\Zigbee FW\Gun\user\user.c
                 datatemp   0x000169       data     extern H:\Zigbee FW\Gun\user\user.c
                datatemp2   0x00016a       data     extern H:\Zigbee FW\Gun\user\user.c
              delay_count   0x0001fe       data     static H:\Zigbee FW\Gun\system\usb\usbdrv\usbdrv.c
               emptyBytes   0x0001ea       data     extern H:\Zigbee FW\Gun\user\user.c
                    ep0Bi   0x000404       data     extern H:\Zigbee FW\Gun\system\usb\usbmmap.c
                    ep0Bo   0x000400       data     extern H:\Zigbee FW\Gun\system\usb\usbmmap.c
                    ep1Bi   0x00040c       data     extern H:\Zigbee FW\Gun\system\usb\usbmmap.c
                    ep1Bo   0x000408       data     extern H:\Zigbee FW\Gun\system\usb\usbmmap.c
                    ep2Bi   0x000414       data     extern H:\Zigbee FW\Gun\system\usb\usbmmap.c
                    ep2Bo   0x000410       data     extern H:\Zigbee FW\Gun\system\usb\usbmmap.c
                    error   0x0001fb       data     extern H:\Zigbee FW\Gun\I2C\i2cstuff.c
                   fireOK   0x0001e2       data     extern H:\Zigbee FW\Gun\user\user.c
                        g   0x0001f9       data     extern H:\Zigbee FW\Gun\I2C\i2cstuff.c
                     head   0x00017e       data     extern H:\Zigbee FW\Gun\user\user.c
                        i   0x000154       data     extern H:\Zigbee FW\Gun\user\user.c
                 i2cerror   0x0001fc       data     extern H:\Zigbee FW\Gun\I2C\i2cstuff.c
                i2cerror1   0x000152       data     extern H:\Zigbee FW\Gun\user\user.c
                        j   0x000156       data     extern H:\Zigbee FW\Gun\user\user.c
                   length   0x0001f0       data     extern H:\Zigbee FW\Gun\user\user.c
                        m   0x000171       data     extern H:\Zigbee FW\Gun\user\user.c
                        n   0x00014a       data     extern H:\Zigbee FW\Gun\user\user.c
                  notdone   0x000074       data     extern H:\Zigbee FW\Gun\main.c  
                     pDst   0x000065       data     extern H:\Zigbee FW\Gun\system\usb\usbctrltrf\usbctrltrf.c
                     pSrc   0x000062       data     extern H:\Zigbee FW\Gun\system\usb\usbctrltrf\usbctrltrf.c
             packetBuffer   0x000179       data     extern H:\Zigbee FW\Gun\user\user.c
           packetPosition   0x0001e8       data     extern H:\Zigbee FW\Gun\user\user.c
                     prom   0x00006a       data     static C:\MCC18\src\traditional\startup\c018i.c
                rcv_buffa   0x000182       data     extern H:\Zigbee FW\Gun\user\user.c
                resultant   0x00015a       data     extern H:\Zigbee FW\Gun\user\user.c
                   seqrun   0x000150       data     extern H:\Zigbee FW\Gun\user\user.c
                snd_buffa   0x0001c2       data     extern H:\Zigbee FW\Gun\user\user.c
                     tail   0x0001ec       data     extern H:\Zigbee FW\Gun\user\user.c
               temp_buffa   0x00016b       data     extern H:\Zigbee FW\Gun\user\user.c
                templong1   0x00015e       data     extern H:\Zigbee FW\Gun\user\user.c
                 temptemp   0x00015c       data     extern H:\Zigbee FW\Gun\user\user.c
                 timedays   0x000168       data     extern H:\Zigbee FW\Gun\user\user.c
                timehours   0x000164       data     extern H:\Zigbee FW\Gun\user\user.c
                 timemins   0x000165       data     extern H:\Zigbee FW\Gun\user\user.c
                 timeqats   0x000162       data     extern H:\Zigbee FW\Gun\user\user.c
             timerdoneyet   0x000167       data     extern H:\Zigbee FW\Gun\user\user.c
                 timerdun   0x000076       data     extern H:\Zigbee FW\Gun\main.c  
                 timesecs   0x000166       data     extern H:\Zigbee FW\Gun\user\user.c
               timetenths   0x000163       data     extern H:\Zigbee FW\Gun\user\user.c
                trf_state   0x000101       data     extern H:\Zigbee FW\Gun\user\user.c
           usb_active_cfg   0x00007f       data     extern H:\Zigbee FW\Gun\system\usb\usbmmap.c
             usb_alt_intf   0x000080       data     extern H:\Zigbee FW\Gun\system\usb\usbmmap.c
         usb_device_state   0x00007d       data     extern H:\Zigbee FW\Gun\system\usb\usbmmap.c
                 usb_stat   0x00007e       data     extern H:\Zigbee FW\Gun\system\usb\usbmmap.c
                usbgen_in   0x000468       data     extern H:\Zigbee FW\Gun\system\usb\usbmmap.c
               usbgen_out   0x000428       data     extern H:\Zigbee FW\Gun\system\usb\usbmmap.c
            usbgen_rx_len   0x000081       data     extern H:\Zigbee FW\Gun\system\usb\class\generic\usbgen.c
                usedBytes   0x0001e6       data     extern H:\Zigbee FW\Gun\user\user.c
                   wCount   0x000068       data     extern H:\Zigbee FW\Gun\system\usb\usbctrltrf\usbctrltrf.c



                              Symbols - Sorted by Address
                     Name    Address   Location    Storage File                     
                ---------  ---------  ---------  --------- ---------                
                   _entry   0x000000    program     extern C:\MCC18\src\traditional\startup\c018i.c
       ___return_lbl00000   0x000004    program     static                          
                   _reset   0x000800    program     extern H:\Zigbee FW\Gun\main.c  
       ___return_lbl00000   0x000804    program     static                          
                _high_ISR   0x000808    program     extern H:\Zigbee FW\Gun\main.c  
       ___return_lbl00001   0x00080c    program     static                          
                 _low_ISR   0x000818    program     extern H:\Zigbee FW\Gun\main.c  
                ProcessIO   0x000838    program     extern H:\Zigbee FW\Gun\user\user.c
          ServiceRequests   0x00084c    program     extern H:\Zigbee FW\Gun\user\user.c
      ___case_68_lbl00005   0x000892    program     static                          
       ___case_0_lbl00006   0x0008a0    program     static                          
     ___case_-96_lbl00008   0x0008b2    program     static                          
           ___if_lbl00007   0x0008c0    program     static                          
          ___for_lbl00011   0x0008c8    program     static                          
          ___for_lbl00009   0x0008ee    program     static                          
          ___for_lbl00010   0x0008f8    program     static                          
      ___default_lbl00012   0x000900    program     static                          
      ___case_-1_lbl00013   0x000902    program     static                          
   ___switchexit_lbl00004   0x000906    program     static                          
           ___if_lbl00016   0x000928    program     static                          
           ___if_lbl00015   0x000928    program     static                          
           ___if_lbl00014   0x000928    program     static                          
       ___return_lbl00003   0x000928    program     static                          
                   TXbyte   0x000936    program     extern H:\Zigbee FW\Gun\user\user.c
                USBTasks2   0x000948    program     extern H:\Zigbee FW\Gun\user\user.c
               startUsart   0x000956    program     extern H:\Zigbee FW\Gun\user\user.c
                 testxbee   0x000a36    program     extern H:\Zigbee FW\Gun\user\user.c
           changebaudrate   0x000aac    program     extern H:\Zigbee FW\Gun\user\user.c
             getdelayuart   0x000ade    program     extern H:\Zigbee FW\Gun\user\user.c
                    commo   0x000b56    program     extern H:\Zigbee FW\Gun\user\user.c
                 putsuart   0x000b64    program     extern H:\Zigbee FW\Gun\user\user.c
                putrsuart   0x000ba0    program     extern H:\Zigbee FW\Gun\user\user.c
                Writeuart   0x000bde    program     extern H:\Zigbee FW\Gun\user\user.c
          Writeuart_1byte   0x000be6    program     extern H:\Zigbee FW\Gun\user\user.c
                 fulluart   0x000bf4    program     extern H:\Zigbee FW\Gun\user\user.c
                dataready   0x000c04    program     extern H:\Zigbee FW\Gun\user\user.c
                 getsuart   0x000c0a    program     extern H:\Zigbee FW\Gun\user\user.c
                readusart   0x000c2e    program     extern H:\Zigbee FW\Gun\user\user.c
             a2dinputread   0x000c3c    program     extern H:\Zigbee FW\Gun\user\user.c
                 ReadADC2   0x000ca0    program     extern H:\Zigbee FW\Gun\user\user.c
               a2d2string   0x000cc2    program     extern H:\Zigbee FW\Gun\user\user.c
           write_rcvbuffa   0x000d94    program     extern H:\Zigbee FW\Gun\user\user.c
            read_rcvbuffa   0x000e7a    program     extern H:\Zigbee FW\Gun\user\user.c
           write_sndbuffa   0x000efe    program     extern H:\Zigbee FW\Gun\user\user.c
            read_sndbuffa   0x000fa6    program     extern H:\Zigbee FW\Gun\user\user.c
            port_to_ascii   0x00101e    program     extern H:\Zigbee FW\Gun\user\user.c
          interrupthingie   0x001030    program     extern H:\Zigbee FW\Gun\user\user.c
               starttimer   0x001126    program     extern H:\Zigbee FW\Gun\user\user.c
               loadconfig   0x00114e    program     extern H:\Zigbee FW\Gun\user\user.c
                  inctime   0x00117e    program     extern H:\Zigbee FW\Gun\user\user.c
             function25mS   0x001206    program     extern H:\Zigbee FW\Gun\user\user.c
            function100mS   0x001208    program     extern H:\Zigbee FW\Gun\user\user.c
             function1Sec   0x00121c    program     extern H:\Zigbee FW\Gun\user\user.c
             function1min   0x00121e    program     extern H:\Zigbee FW\Gun\user\user.c
            function1hour   0x001220    program     extern H:\Zigbee FW\Gun\user\user.c
             function1day   0x001222    program     extern H:\Zigbee FW\Gun\user\user.c
                 initxbee   0x001224    program     extern H:\Zigbee FW\Gun\user\user.c
        sleep_config_xbee   0x001266    program     extern H:\Zigbee FW\Gun\user\user.c
       loadconfigfriendly   0x001284    program     extern H:\Zigbee FW\Gun\user\user.c
                   __pa_0   0x0012aa    program     static H:\Zigbee FW\Gun\user\user.c
                   __pa_1   0x0012b2    program     static H:\Zigbee FW\Gun\user\user.c
                   __pa_2   0x0012c4    program     static H:\Zigbee FW\Gun\user\user.c
              __tmplbl_27   0x0012ec    program     static                          
              __tmplbl_29   0x0012ec    program     static                          
                   __pa_3   0x0012ec    program     static H:\Zigbee FW\Gun\user\user.c
                   __pa_4   0x0012f8    program     static H:\Zigbee FW\Gun\user\user.c
                   __pa_5   0x00130a    program     static H:\Zigbee FW\Gun\user\user.c
                   __pa_6   0x001314    program     static H:\Zigbee FW\Gun\user\user.c
                   __pa_7   0x00132e    program     static H:\Zigbee FW\Gun\user\user.c
                   __pa_8   0x001336    program     static H:\Zigbee FW\Gun\user\user.c
                   __pa_9   0x00134e    program     static H:\Zigbee FW\Gun\user\user.c
                  __pa_10   0x001366    program     static H:\Zigbee FW\Gun\user\user.c
                  __pa_11   0x00137c    program     static H:\Zigbee FW\Gun\user\user.c
                  __pa_12   0x001392    program     static H:\Zigbee FW\Gun\user\user.c
                  __pa_13   0x0013a0    program     static H:\Zigbee FW\Gun\user\user.c
                  __pa_14   0x0013aa    program     static H:\Zigbee FW\Gun\user\user.c
                  __pa_15   0x0013be    program     static H:\Zigbee FW\Gun\user\user.c
                  __pa_16   0x0013ce    program     static H:\Zigbee FW\Gun\user\user.c
                  __pa_17   0x0013e0    program     static H:\Zigbee FW\Gun\user\user.c
                  __pa_18   0x0013ec    program     static H:\Zigbee FW\Gun\user\user.c
                  __pa_19   0x0013f2    program     static H:\Zigbee FW\Gun\user\user.c
                  __pa_20   0x001400    program     static H:\Zigbee FW\Gun\user\user.c
                  __pa_21   0x001416    program     static H:\Zigbee FW\Gun\user\user.c
[...]
                    UEP13   0x000f7d       data     extern C:\MCC18\src\traditional\proc\p18F4550.asm
                UEP13bits   0x000f7d       data     extern C:\MCC18\src\traditional\proc\p18F4550.asm
                    UEP14   0x000f7e       data     extern C:\MCC18\src\traditional\proc\p18F4550.asm
                UEP14bits   0x000f7e       data     extern C:\MCC18\src\traditional\proc\p18F4550.asm
                UEP15bits   0x000f7f       data     extern C:\MCC18\src\traditional\proc\p18F4550.asm
                    UEP15   0x000f7f       data     extern C:\MCC18\src\traditional\proc\p18F4550.asm
                    PORTA   0x000f80       data     extern C:\MCC18\src\traditional\proc\p18F4550.asm
                PORTAbits   0x000f80       data     extern C:\MCC18\src\traditional\proc\p18F4550.asm
                    PORTB   0x000f81       data     extern C:\MCC18\src\traditional\proc\p18F4550.asm
                PORTBbits   0x000f81       data     extern C:\MCC18\src\traditional\proc\p18F4550.asm
                    PORTC   0x000f82       data     extern C:\MCC18\src\traditional\proc\p18F4550.asm
                PORTCbits   0x000f82       data     extern C:\MCC18\src\traditional\proc\p18F4550.asm
                PORTDbits   0x000f83       data     extern C:\MCC18\src\traditional\proc\p18F4550.asm
                    PORTD   0x000f83       data     extern C:\MCC18\src\traditional\proc\p18F4550.asm
                PORTEbits   0x000f84       data     extern C:\MCC18\src\traditional\proc\p18F4550.asm
                    PORTE   0x000f84       data     extern C:\MCC18\src\traditional\proc\p18F4550.asm
                 LATAbits   0x000f89       data     extern C:\MCC18\src\traditional\proc\p18F4550.asm
                     LATA   0x000f89       data     extern C:\MCC18\src\traditional\proc\p18F4550.asm
                     LATB   0x000f8a       data     extern C:\MCC18\src\traditional\proc\p18F4550.asm
                 LATBbits   0x000f8a       data     extern C:\MCC18\src\traditional\proc\p18F4550.asm
                     LATC   0x000f8b       data     extern C:\MCC18\src\traditional\proc\p18F4550.asm
                 LATCbits   0x000f8b       data     extern C:\MCC18\src\traditional\proc\p18F4550.asm
                     LATD   0x000f8c       data     extern C:\MCC18\src\traditional\proc\p18F4550.asm
                 LATDbits   0x000f8c       data     extern C:\MCC18\src\traditional\proc\p18F4550.asm
                 LATEbits   0x000f8d       data     extern C:\MCC18\src\traditional\proc\p18F4550.asm
                     LATE   0x000f8d       data     extern C:\MCC18\src\traditional\proc\p18F4550.asm
                 DDRAbits   0x000f92       data     extern C:\MCC18\src\traditional\proc\p18F4550.asm
                    TRISA   0x000f92       data     extern C:\MCC18\src\traditional\proc\p18F4550.asm
                TRISAbits   0x000f92       data     extern C:\MCC18\src\traditional\proc\p18F4550.asm
                     DDRA   0x000f92       data     extern C:\MCC18\src\traditional\proc\p18F4550.asm
                TRISBbits   0x000f93       data     extern C:\MCC18\src\traditional\proc\p18F4550.asm
                    TRISB   0x000f93       data     extern C:\MCC18\src\traditional\proc\p18F4550.asm
                     DDRB   0x000f93       data     extern C:\MCC18\src\traditional\proc\p18F4550.asm
                 DDRBbits   0x000f93       data     extern C:\MCC18\src\traditional\proc\p18F4550.asm
                 DDRCbits   0x000f94       data     extern C:\MCC18\src\traditional\proc\p18F4550.asm
                     DDRC   0x000f94       data     extern C:\MCC18\src\traditional\proc\p18F4550.asm
                TRISCbits   0x000f94       data     extern C:\MCC18\src\traditional\proc\p18F4550.asm
                    TRISC   0x000f94       data     extern C:\MCC18\src\traditional\proc\p18F4550.asm
                 DDRDbits   0x000f95       data     extern C:\MCC18\src\traditional\proc\p18F4550.asm
                     DDRD   0x000f95       data     extern C:\MCC18\src\traditional\proc\p18F4550.asm
                TRISDbits   0x000f95       data     extern C:\MCC18\src\traditional\proc\p18F4550.asm
                    TRISD   0x000f95       data     extern C:\MCC18\src\traditional\proc\p18F4550.asm
                     DDRE   0x000f96       data     extern C:\MCC18\src\traditional\proc\p18F4550.asm
                TRISEbits   0x000f96       data     extern C:\MCC18\src\traditional\proc\p18F4550.asm
                    TRISE   0x000f96       data     extern C:\MCC18\src\traditional\proc\p18F4550.asm
                 DDREbits   0x000f96       data     extern C:\MCC18\src\traditional\proc\p18F4550.asm
              OSCTUNEbits   0x000f9b       data     extern C:\MCC18\src\traditional\proc\p18F4550.asm
                  OSCTUNE   0x000f9b       data     extern C:\MCC18\src\traditional\proc\p18F4550.asm
                     PIE1   0x000f9d       data     extern C:\MCC18\src\traditional\proc\p18F4550.asm
                 PIE1bits   0x000f9d       data     extern C:\MCC18\src\traditional\proc\p18F4550.asm
                     PIR1   0x000f9e       data     extern C:\MCC18\src\traditional\proc\p18F4550.asm
                 PIR1bits   0x000f9e       data     extern C:\MCC18\src\traditional\proc\p18F4550.asm
                     IPR1   0x000f9f       data     extern C:\MCC18\src\traditional\proc\p18F4550.asm
                 IPR1bits   0x000f9f       data     extern C:\MCC18\src\traditional\proc\p18F4550.asm
                 PIE2bits   0x000fa0       data     extern C:\MCC18\src\traditional\proc\p18F4550.asm
                     PIE2   0x000fa0       data     extern C:\MCC18\src\traditional\proc\p18F4550.asm
                     PIR2   0x000fa1       data     extern C:\MCC18\src\traditional\proc\p18F4550.asm
                 PIR2bits   0x000fa1       data     extern C:\MCC18\src\traditional\proc\p18F4550.asm
                     IPR2   0x000fa2       data     extern C:\MCC18\src\traditional\proc\p18F4550.asm
                 IPR2bits   0x000fa2       data     extern C:\MCC18\src\traditional\proc\p18F4550.asm
               EECON1bits   0x000fa6       data     extern C:\MCC18\src\traditional\proc\p18F4550.asm
                   EECON1   0x000fa6       data     extern C:\MCC18\src\traditional\proc\p18F4550.asm
                   EECON2   0x000fa7       data     extern C:\MCC18\src\traditional\proc\p18F4550.asm
                   EEDATA   0x000fa8       data     extern C:\MCC18\src\traditional\proc\p18F4550.asm
                    EEADR   0x000fa9       data     extern C:\MCC18\src\traditional\proc\p18F4550.asm
                RCSTAbits   0x000fab       data     extern C:\MCC18\src\traditional\proc\p18F4550.asm
                    RCSTA   0x000fab       data     extern C:\MCC18\src\traditional\proc\p18F4550.asm
                TXSTAbits   0x000fac       data     extern C:\MCC18\src\traditional\proc\p18F4550.asm
                    TXSTA   0x000fac       data     extern C:\MCC18\src\traditional\proc\p18F4550.asm
                    TXREG   0x000fad       data     extern C:\MCC18\src\traditional\proc\p18F4550.asm
                    RCREG   0x000fae       data     extern C:\MCC18\src\traditional\proc\p18F4550.asm
                    SPBRG   0x000faf       data     extern C:\MCC18\src\traditional\proc\p18F4550.asm
                   SPBRGH   0x000fb0       data     extern C:\MCC18\src\traditional\proc\p18F4550.asm
                T3CONbits   0x000fb1       data     extern C:\MCC18\src\traditional\proc\p18F4550.asm
                    T3CON   0x000fb1       data     extern C:\MCC18\src\traditional\proc\p18F4550.asm
                    TMR3L   0x000fb2       data     extern C:\MCC18\src\traditional\proc\p18F4550.asm
                    TMR3H   0x000fb3       data     extern C:\MCC18\src\traditional\proc\p18F4550.asm
                CMCONbits   0x000fb4       data     extern C:\MCC18\src\traditional\proc\p18F4550.asm
                    CMCON   0x000fb4       data     extern C:\MCC18\src\traditional\proc\p18F4550.asm
               CVRCONbits   0x000fb5       data     extern C:\MCC18\src\traditional\proc\p18F4550.asm
                   CVRCON   0x000fb5       data     extern C:\MCC18\src\traditional\proc\p18F4550.asm
                   CCP1AS   0x000fb6       data     extern C:\MCC18\src\traditional\proc\p18F4550.asm
               CCP1ASbits   0x000fb6       data     extern C:\MCC18\src\traditional\proc\p18F4550.asm
                  ECCP1AS   0x000fb6       data     extern C:\MCC18\src\traditional\proc\p18F4550.asm
              ECCP1ASbits   0x000fb6       data     extern C:\MCC18\src\traditional\proc\p18F4550.asm
             ECCP1DELbits   0x000fb7       data     extern C:\MCC18\src\traditional\proc\p18F4550.asm
                 ECCP1DEL   0x000fb7       data     extern C:\MCC18\src\traditional\proc\p18F4550.asm
              CCP1DELbits   0x000fb7       data     extern C:\MCC18\src\traditional\proc\p18F4550.asm
                  CCP1DEL   0x000fb7       data     extern C:\MCC18\src\traditional\proc\p18F4550.asm
                  BAUDCON   0x000fb8       data     extern C:\MCC18\src\traditional\proc\p18F4550.asm
              BAUDCONbits   0x000fb8       data     extern C:\MCC18\src\traditional\proc\p18F4550.asm
              CCP2CONbits   0x000fba       data     extern C:\MCC18\src\traditional\proc\p18F4550.asm
                  CCP2CON   0x000fba       data     extern C:\MCC18\src\traditional\proc\p18F4550.asm
                    CCPR2   0x000fbb       data     extern C:\MCC18\src\traditional\proc\p18F4550.asm
                   CCPR2L   0x000fbb       data     extern C:\MCC18\src\traditional\proc\p18F4550.asm
                   CCPR2H   0x000fbc       data     extern C:\MCC18\src\traditional\proc\p18F4550.asm
                  CCP1CON   0x000fbd       data     extern C:\MCC18\src\traditional\proc\p18F4550.asm
              CCP1CONbits   0x000fbd       data     extern C:\MCC18\src\traditional\proc\p18F4550.asm
             ECCP1CONbits   0x000fbd       data     extern C:\MCC18\src\traditional\proc\p18F4550.asm
                 ECCP1CON   0x000fbd       data     extern C:\MCC18\src\traditional\proc\p18F4550.asm
                    CCPR1   0x000fbe       data     extern C:\MCC18\src\traditional\proc\p18F4550.asm
                   CCPR1L   0x000fbe       data     extern C:\MCC18\src\traditional\proc\p18F4550.asm
                   CCPR1H   0x000fbf       data     extern C:\MCC18\src\traditional\proc\p18F4550.asm
               ADCON2bits   0x000fc0       data     extern C:\MCC18\src\traditional\proc\p18F4550.asm
                   ADCON2   0x000fc0       data     extern C:\MCC18\src\traditional\proc\p18F4550.asm
               ADCON1bits   0x000fc1       data     extern C:\MCC18\src\traditional\proc\p18F4550.asm
                   ADCON1   0x000fc1       data     extern C:\MCC18\src\traditional\proc\p18F4550.asm
                   ADCON0   0x000fc2       data     extern C:\MCC18\src\traditional\proc\p18F4550.asm
               ADCON0bits   0x000fc2       data     extern C:\MCC18\src\traditional\proc\p18F4550.asm
                    ADRES   0x000fc3       data     extern C:\MCC18\src\traditional\proc\p18F4550.asm
                   ADRESL   0x000fc3       data     extern C:\MCC18\src\traditional\proc\p18F4550.asm
                   ADRESH   0x000fc4       data     extern C:\MCC18\src\traditional\proc\p18F4550.asm
                  SSPCON2   0x000fc5       data     extern C:\MCC18\src\traditional\proc\p18F4550.asm
              SSPCON2bits   0x000fc5       data     extern C:\MCC18\src\traditional\proc\p18F4550.asm
                  SSPCON1   0x000fc6       data     extern C:\MCC18\src\traditional\proc\p18F4550.asm
              SSPCON1bits   0x000fc6       data     extern C:\MCC18\src\traditional\proc\p18F4550.asm
                  SSPSTAT   0x000fc7       data     extern C:\MCC18\src\traditional\proc\p18F4550.asm
              SSPSTATbits   0x000fc7       data     extern C:\MCC18\src\traditional\proc\p18F4550.asm
                   SSPADD   0x000fc8       data     extern C:\MCC18\src\traditional\proc\p18F4550.asm
                   SSPBUF   0x000fc9       data     extern C:\MCC18\src\traditional\proc\p18F4550.asm
                    T2CON   0x000fca       data     extern C:\MCC18\src\traditional\proc\p18F4550.asm
                T2CONbits   0x000fca       data     extern C:\MCC18\src\traditional\proc\p18F4550.asm
                      PR2   0x000fcb       data     extern C:\MCC18\src\traditional\proc\p18F4550.asm
                     TMR2   0x000fcc       data     extern C:\MCC18\src\traditional\proc\p18F4550.asm
                T1CONbits   0x000fcd       data     extern C:\MCC18\src\traditional\proc\p18F4550.asm
                    T1CON   0x000fcd       data     extern C:\MCC18\src\traditional\proc\p18F4550.asm
                    TMR1L   0x000fce       data     extern C:\MCC18\src\traditional\proc\p18F4550.asm
                    TMR1H   0x000fcf       data     extern C:\MCC18\src\traditional\proc\p18F4550.asm
                     RCON   0x000fd0       data     extern C:\MCC18\src\traditional\proc\p18F4550.asm
                 RCONbits   0x000fd0       data     extern C:\MCC18\src\traditional\proc\p18F4550.asm
               WDTCONbits   0x000fd1       data     extern C:\MCC18\src\traditional\proc\p18F4550.asm
                   WDTCON   0x000fd1       data     extern C:\MCC18\src\traditional\proc\p18F4550.asm
               LVDCONbits   0x000fd2       data     extern C:\MCC18\src\traditional\proc\p18F4550.asm
                   LVDCON   0x000fd2       data     extern C:\MCC18\src\traditional\proc\p18F4550.asm
              HLVDCONbits   0x000fd2       data     extern C:\MCC18\src\traditional\proc\p18F4550.asm
                  HLVDCON   0x000fd2       data     extern C:\MCC18\src\traditional\proc\p18F4550.asm
               OSCCONbits   0x000fd3       data     extern C:\MCC18\src\traditional\proc\p18F4550.asm
                   OSCCON   0x000fd3       data     extern C:\MCC18\src\traditional\proc\p18F4550.asm
                    T0CON   0x000fd5       data     extern C:\MCC18\src\traditional\proc\p18F4550.asm
                T0CONbits   0x000fd5       data     extern C:\MCC18\src\traditional\proc\p18F4550.asm
                    TMR0L   0x000fd6       data     extern C:\MCC18\src\traditional\proc\p18F4550.asm
                    TMR0H   0x000fd7       data     extern C:\MCC18\src\traditional\proc\p18F4550.asm
                   STATUS   0x000fd8       data     extern C:\MCC18\src\traditional\proc\p18F4550.asm
               STATUSbits   0x000fd8       data     extern C:\MCC18\src\traditional\proc\p18F4550.asm
                    FSR2L   0x000fd9       data     extern C:\MCC18\src\traditional\proc\p18F4550.asm
                     FSR2   0x000fd9       data     extern C:\MCC18\src\traditional\proc\p18F4550.asm
                    FSR2H   0x000fda       data     extern C:\MCC18\src\traditional\proc\p18F4550.asm
                   PLUSW2   0x000fdb       data     extern C:\MCC18\src\traditional\proc\p18F4550.asm
                  PREINC2   0x000fdc       data     extern C:\MCC18\src\traditional\proc\p18F4550.asm
                 POSTDEC2   0x000fdd       data     extern C:\MCC18\src\traditional\proc\p18F4550.asm
                 POSTINC2   0x000fde       data     extern C:\MCC18\src\traditional\proc\p18F4550.asm
                    INDF2   0x000fdf       data     extern C:\MCC18\src\traditional\proc\p18F4550.asm
                      BSR   0x000fe0       data     extern C:\MCC18\src\traditional\proc\p18F4550.asm
                    FSR1L   0x000fe1       data     extern C:\MCC18\src\traditional\proc\p18F4550.asm
                     FSR1   0x000fe1       data     extern C:\MCC18\src\traditional\proc\p18F4550.asm
                    FSR1H   0x000fe2       data     extern C:\MCC18\src\traditional\proc\p18F4550.asm
                   PLUSW1   0x000fe3       data     extern C:\MCC18\src\traditional\proc\p18F4550.asm
                  PREINC1   0x000fe4       data     extern C:\MCC18\src\traditional\proc\p18F4550.asm
                 POSTDEC1   0x000fe5       data     extern C:\MCC18\src\traditional\proc\p18F4550.asm
                 POSTINC1   0x000fe6       data     extern C:\MCC18\src\traditional\proc\p18F4550.asm
                    INDF1   0x000fe7       data     extern C:\MCC18\src\traditional\proc\p18F4550.asm
                     WREG   0x000fe8       data     extern C:\MCC18\src\traditional\proc\p18F4550.asm
                     FSR0   0x000fe9       data     extern C:\MCC18\src\traditional\proc\p18F4550.asm
                    FSR0L   0x000fe9       data     extern C:\MCC18\src\traditional\proc\p18F4550.asm
                    FSR0H   0x000fea       data     extern C:\MCC18\src\traditional\proc\p18F4550.asm
                   PLUSW0   0x000feb       data     extern C:\MCC18\src\traditional\proc\p18F4550.asm
                  PREINC0   0x000fec       data     extern C:\MCC18\src\traditional\proc\p18F4550.asm
                 POSTDEC0   0x000fed       data     extern C:\MCC18\src\traditional\proc\p18F4550.asm
                 POSTINC0   0x000fee       data     extern C:\MCC18\src\traditional\proc\p18F4550.asm
                    INDF0   0x000fef       data     extern C:\MCC18\src\traditional\proc\p18F4550.asm
              INTCON3bits   0x000ff0       data     extern C:\MCC18\src\traditional\proc\p18F4550.asm
                  INTCON3   0x000ff0       data     extern C:\MCC18\src\traditional\proc\p18F4550.asm
              INTCON2bits   0x000ff1       data     extern C:\MCC18\src\traditional\proc\p18F4550.asm
                  INTCON2   0x000ff1       data     extern C:\MCC18\src\traditional\proc\p18F4550.asm
               INTCONbits   0x000ff2       data     extern C:\MCC18\src\traditional\proc\p18F4550.asm
                   INTCON   0x000ff2       data     extern C:\MCC18\src\traditional\proc\p18F4550.asm
                     PROD   0x000ff3       data     extern C:\MCC18\src\traditional\proc\p18F4550.asm
                    PRODL   0x000ff3       data     extern C:\MCC18\src\traditional\proc\p18F4550.asm
                    PRODH   0x000ff4       data     extern C:\MCC18\src\traditional\proc\p18F4550.asm
                   TABLAT   0x000ff5       data     extern C:\MCC18\src\traditional\proc\p18F4550.asm
                  TBLPTRL   0x000ff6       data     extern C:\MCC18\src\traditional\proc\p18F4550.asm
                   TBLPTR   0x000ff6       data     extern C:\MCC18\src\traditional\proc\p18F4550.asm
                  TBLPTRH   0x000ff7       data     extern C:\MCC18\src\traditional\proc\p18F4550.asm
                  TBLPTRU   0x000ff8       data     extern C:\MCC18\src\traditional\proc\p18F4550.asm
                       PC   0x000ff9       data     extern C:\MCC18\src\traditional\proc\p18F4550.asm
                      PCL   0x000ff9       data     extern C:\MCC18\src\traditional\proc\p18F4550.asm
                   PCLATH   0x000ffa       data     extern C:\MCC18\src\traditional\proc\p18F4550.asm
                   PCLATU   0x000ffb       data     extern C:\MCC18\src\traditional\proc\p18F4550.asm
                   STKPTR   0x000ffc       data     extern C:\MCC18\src\traditional\proc\p18F4550.asm
               STKPTRbits   0x000ffc       data     extern C:\MCC18\src\traditional\proc\p18F4550.asm
                      TOS   0x000ffd       data     extern C:\MCC18\src\traditional\proc\p18F4550.asm
                     TOSL   0x000ffd       data     extern C:\MCC18\src\traditional\proc\p18F4550.asm
                     TOSH   0x000ffe       data     extern C:\MCC18\src\traditional\proc\p18F4550.asm
                     TOSU   0x000fff       data     extern C:\MCC18\src\traditional\proc\p18F4550.asm


